Archive member included to satisfy reference by file (symbol)

/home/helmenier/.local/xPacks/@xpack-dev-tools/arm-none-eabi-gcc/11.2.1-1.2.2/.content/bin/../lib/gcc/arm-none-eabi/11.2.1/thumb/v7e-m+fp/softfp/libgcc.a(_aeabi_uldivmod.o)
                              ./system/src/stm32f4-hal/stm32f4xx_hal_rcc.o (__aeabi_uldivmod)
/home/helmenier/.local/xPacks/@xpack-dev-tools/arm-none-eabi-gcc/11.2.1-1.2.2/.content/bin/../lib/gcc/arm-none-eabi/11.2.1/thumb/v7e-m+fp/softfp/libgcc.a(_udivmoddi4.o)
                              /home/helmenier/.local/xPacks/@xpack-dev-tools/arm-none-eabi-gcc/11.2.1-1.2.2/.content/bin/../lib/gcc/arm-none-eabi/11.2.1/thumb/v7e-m+fp/softfp/libgcc.a(_aeabi_uldivmod.o) (__udivmoddi4)
/home/helmenier/.local/xPacks/@xpack-dev-tools/arm-none-eabi-gcc/11.2.1-1.2.2/.content/bin/../lib/gcc/arm-none-eabi/11.2.1/thumb/v7e-m+fp/softfp/libgcc.a(_dvmd_tls.o)
                              /home/helmenier/.local/xPacks/@xpack-dev-tools/arm-none-eabi-gcc/11.2.1-1.2.2/.content/bin/../lib/gcc/arm-none-eabi/11.2.1/thumb/v7e-m+fp/softfp/libgcc.a(_aeabi_uldivmod.o) (__aeabi_ldiv0)
/home/helmenier/.local/xPacks/@xpack-dev-tools/arm-none-eabi-gcc/11.2.1-1.2.2/.content/bin/../lib/gcc/arm-none-eabi/11.2.1/../../../../arm-none-eabi/lib/thumb/v7e-m+fp/softfp/libg_nano.a(lib_a-ctype_.o)
                              ./system/src/newlib/syscalls.o (_ctype_)
/home/helmenier/.local/xPacks/@xpack-dev-tools/arm-none-eabi-gcc/11.2.1-1.2.2/.content/bin/../lib/gcc/arm-none-eabi/11.2.1/../../../../arm-none-eabi/lib/thumb/v7e-m+fp/softfp/libg_nano.a(lib_a-errno.o)
                              ./system/src/newlib/sbrk.o (__errno)
/home/helmenier/.local/xPacks/@xpack-dev-tools/arm-none-eabi-gcc/11.2.1-1.2.2/.content/bin/../lib/gcc/arm-none-eabi/11.2.1/../../../../arm-none-eabi/lib/thumb/v7e-m+fp/softfp/libg_nano.a(lib_a-findfp.o)
                              ./system/src/newlib/syscalls.o (__sinit)
/home/helmenier/.local/xPacks/@xpack-dev-tools/arm-none-eabi-gcc/11.2.1-1.2.2/.content/bin/../lib/gcc/arm-none-eabi/11.2.1/../../../../arm-none-eabi/lib/thumb/v7e-m+fp/softfp/libg_nano.a(lib_a-fwalk.o)
                              /home/helmenier/.local/xPacks/@xpack-dev-tools/arm-none-eabi-gcc/11.2.1-1.2.2/.content/bin/../lib/gcc/arm-none-eabi/11.2.1/../../../../arm-none-eabi/lib/thumb/v7e-m+fp/softfp/libg_nano.a(lib_a-findfp.o) (_fwalk)
/home/helmenier/.local/xPacks/@xpack-dev-tools/arm-none-eabi-gcc/11.2.1-1.2.2/.content/bin/../lib/gcc/arm-none-eabi/11.2.1/../../../../arm-none-eabi/lib/thumb/v7e-m+fp/softfp/libg_nano.a(lib_a-impure.o)
                              /home/helmenier/.local/xPacks/@xpack-dev-tools/arm-none-eabi-gcc/11.2.1-1.2.2/.content/bin/../lib/gcc/arm-none-eabi/11.2.1/../../../../arm-none-eabi/lib/thumb/v7e-m+fp/softfp/libg_nano.a(lib_a-findfp.o) (_global_impure_ptr)
/home/helmenier/.local/xPacks/@xpack-dev-tools/arm-none-eabi-gcc/11.2.1-1.2.2/.content/bin/../lib/gcc/arm-none-eabi/11.2.1/../../../../arm-none-eabi/lib/thumb/v7e-m+fp/softfp/libg_nano.a(lib_a-memcpy-stub.o)
                              ./FreeRTOS Source/queue.o (memcpy)
/home/helmenier/.local/xPacks/@xpack-dev-tools/arm-none-eabi-gcc/11.2.1-1.2.2/.content/bin/../lib/gcc/arm-none-eabi/11.2.1/../../../../arm-none-eabi/lib/thumb/v7e-m+fp/softfp/libg_nano.a(lib_a-memset.o)
                              ./system/src/newlib/syscalls.o (memset)
/home/helmenier/.local/xPacks/@xpack-dev-tools/arm-none-eabi-gcc/11.2.1-1.2.2/.content/bin/../lib/gcc/arm-none-eabi/11.2.1/../../../../arm-none-eabi/lib/thumb/v7e-m+fp/softfp/libg_nano.a(lib_a-nano-mallocr.o)
                              /home/helmenier/.local/xPacks/@xpack-dev-tools/arm-none-eabi-gcc/11.2.1-1.2.2/.content/bin/../lib/gcc/arm-none-eabi/11.2.1/../../../../arm-none-eabi/lib/thumb/v7e-m+fp/softfp/libg_nano.a(lib_a-findfp.o) (_malloc_r)
/home/helmenier/.local/xPacks/@xpack-dev-tools/arm-none-eabi-gcc/11.2.1-1.2.2/.content/bin/../lib/gcc/arm-none-eabi/11.2.1/../../../../arm-none-eabi/lib/thumb/v7e-m+fp/softfp/libg_nano.a(lib_a-sbrkr.o)
                              /home/helmenier/.local/xPacks/@xpack-dev-tools/arm-none-eabi-gcc/11.2.1-1.2.2/.content/bin/../lib/gcc/arm-none-eabi/11.2.1/../../../../arm-none-eabi/lib/thumb/v7e-m+fp/softfp/libg_nano.a(lib_a-nano-mallocr.o) (_sbrk_r)
/home/helmenier/.local/xPacks/@xpack-dev-tools/arm-none-eabi-gcc/11.2.1-1.2.2/.content/bin/../lib/gcc/arm-none-eabi/11.2.1/../../../../arm-none-eabi/lib/thumb/v7e-m+fp/softfp/libg_nano.a(lib_a-stdio.o)
                              /home/helmenier/.local/xPacks/@xpack-dev-tools/arm-none-eabi-gcc/11.2.1-1.2.2/.content/bin/../lib/gcc/arm-none-eabi/11.2.1/../../../../arm-none-eabi/lib/thumb/v7e-m+fp/softfp/libg_nano.a(lib_a-findfp.o) (__sread)
/home/helmenier/.local/xPacks/@xpack-dev-tools/arm-none-eabi-gcc/11.2.1-1.2.2/.content/bin/../lib/gcc/arm-none-eabi/11.2.1/../../../../arm-none-eabi/lib/thumb/v7e-m+fp/softfp/libg_nano.a(lib_a-strcmp.o)
[...]
Memory Configuration

Name             Origin             Length             Attributes
RAM              0x0000000020000000 0x0000000000020000 xrw
CCMRAM           0x0000000010000000 0x0000000000010000 xrw
FLASH            0x0000000008000000 0x0000000000100000 xr
FLASHB1          0x0000000000000000 0x0000000000000000 xr
EXTMEMB0         0x0000000000000000 0x0000000000000000 xr
EXTMEMB1         0x0000000000000000 0x0000000000000000 xr
EXTMEMB2         0x0000000000000000 0x0000000000000000 xr
EXTMEMB3         0x0000000000000000 0x0000000000000000 xr
MEMORY_ARRAY     0x0000000020002000 0x0000000000000020 xrw
*default*        0x0000000000000000 0xffffffffffffffff

Linker script and memory map

LOAD ./system/src/stm32f4-hal/stm32f4xx_hal.o
LOAD ./system/src/stm32f4-hal/stm32f4xx_hal_cortex.o
LOAD ./system/src/stm32f4-hal/stm32f4xx_hal_flash.o
LOAD ./system/src/stm32f4-hal/stm32f4xx_hal_flash_ex.o
LOAD ./system/src/stm32f4-hal/stm32f4xx_hal_flash_ramfunc.o
LOAD ./system/src/stm32f4-hal/stm32f4xx_hal_gpio.o
LOAD ./system/src/stm32f4-hal/stm32f4xx_hal_iwdg.o
LOAD ./system/src/stm32f4-hal/stm32f4xx_hal_pwr.o
LOAD ./system/src/stm32f4-hal/stm32f4xx_hal_rcc.o
LOAD ./system/src/newlib/assert.o
LOAD ./system/src/newlib/cxx.o
LOAD ./system/src/newlib/exit.o
LOAD ./system/src/newlib/sbrk.o
LOAD ./system/src/newlib/startup.o
LOAD ./system/src/newlib/syscalls.o
LOAD ./system/src/diag/trace-impl.o
LOAD ./system/src/diag/trace.o
LOAD ./system/src/cortexm/exception-handlers.o
LOAD ./system/src/cortexm/initialize-hardware.o
LOAD ./system/src/cortexm/reset-hardware.o
LOAD ./system/src/cmsis/system_stm32f4xx.o
LOAD ./system/src/cmsis/vectors_stm32f407xx.o
LOAD ./src/initialize-hardware.o
LOAD ./src/led.o
LOAD ./src/main.o
LOAD ./src/stm32f4xx_hal_msp.o
LOAD ./src/write.o
LOAD ./FreeRTOS Source/portable/MemMang/heap_4.o
LOAD ./FreeRTOS Source/portable/GCC/ARM_CM4F/port.o
LOAD ./FreeRTOS Source/croutine.o
LOAD ./FreeRTOS Source/event_groups.o
LOAD ./FreeRTOS Source/list.o
LOAD ./FreeRTOS Source/queue.o
LOAD ./FreeRTOS Source/tasks.o
LOAD ./FreeRTOS Source/timers.o
LOAD /home/helmenier/.local/xPacks/@xpack-dev-tools/arm-none-eabi-gcc/11.2.1-1.2.2/.content/bin/../lib/gcc/arm-none-eabi/11.2.1/../../../../arm-none-eabi/lib/thumb/v7e-m+fp/softfp/libstdc++_nano.a
LOAD /home/helmenier/.local/xPacks/@xpack-dev-tools/arm-none-eabi-gcc/11.2.1-1.2.2/.content/bin/../lib/gcc/arm-none-eabi/11.2.1/../../../../arm-none-eabi/lib/thumb/v7e-m+fp/softfp/libm.a
START GROUP
LOAD /home/helmenier/.local/xPacks/@xpack-dev-tools/arm-none-eabi-gcc/11.2.1-1.2.2/.content/bin/../lib/gcc/arm-none-eabi/11.2.1/thumb/v7e-m+fp/softfp/libgcc.a
LOAD /home/helmenier/.local/xPacks/@xpack-dev-tools/arm-none-eabi-gcc/11.2.1-1.2.2/.content/bin/../lib/gcc/arm-none-eabi/11.2.1/../../../../arm-none-eabi/lib/thumb/v7e-m+fp/softfp/libg_nano.a
LOAD /home/helmenier/.local/xPacks/@xpack-dev-tools/arm-none-eabi-gcc/11.2.1-1.2.2/.content/bin/../lib/gcc/arm-none-eabi/11.2.1/../../../../arm-none-eabi/lib/thumb/v7e-m+fp/softfp/libc_nano.a
END GROUP
START GROUP
LOAD /home/helmenier/.local/xPacks/@xpack-dev-tools/arm-none-eabi-gcc/11.2.1-1.2.2/.content/bin/../lib/gcc/arm-none-eabi/11.2.1/thumb/v7e-m+fp/softfp/libgcc.a
LOAD /home/helmenier/.local/xPacks/@xpack-dev-tools/arm-none-eabi-gcc/11.2.1-1.2.2/.content/bin/../lib/gcc/arm-none-eabi/11.2.1/../../../../arm-none-eabi/lib/thumb/v7e-m+fp/softfp/libc_nano.a
END GROUP
                0x0000000020020000                __stack = (ORIGIN (RAM) + LENGTH (RAM))
                0x0000000020020000                _estack = __stack
                0x0000000000000400                __Main_Stack_Size = 0x400
                [!provide]                        PROVIDE (_Main_Stack_Size = __Main_Stack_Size)
                0x000000002001fc00                __Main_Stack_Limit = (__stack - __Main_Stack_Size)
                [!provide]                        PROVIDE (_Main_Stack_Limit = __Main_Stack_Limit)
                0x0000000000000100                _Minimum_Stack_Size = 0x100
                0x000000002001302c                PROVIDE (_Heap_Begin = _end_noinit)
                0x000000002001fc00                PROVIDE (_Heap_Limit = (__stack - __Main_Stack_Size))

.isr_vector     0x0000000008000000      0x3e8
 FILL mask 0xff
                0x0000000008000000                __vectors_start = ABSOLUTE (.)
                0x0000000008000000                __vectors_start__ = ABSOLUTE (.)
 *(.isr_vector)
 .isr_vector    0x0000000008000000      0x188 ./system/src/cmsis/vectors_stm32f407xx.o
                0x0000000008000000                __isr_vectors
 *(.cfmconfig)
 *(.after_vectors .after_vectors.*)
 .after_vectors
                0x0000000008000188      0x130 ./system/src/newlib/startup.o
                0x0000000008000188                _start
 .after_vectors
                0x00000000080002b8      0x12c ./system/src/cortexm/exception-handlers.o
                0x00000000080002b8                Reset_Handler
                0x00000000080002be                NMI_Handler
                0x00000000080002c2                HardFault_Handler
                0x00000000080002d6                HardFault_Handler_C
                0x0000000008000334                MemManage_Handler
                0x0000000008000338                BusFault_Handler
                0x000000000800034c                BusFault_Handler_C
                0x0000000008000380                UsageFault_Handler
                0x0000000008000394                UsageFault_Handler_C
                0x00000000080003cc                DebugMon_Handler
 .after_vectors
                0x00000000080003e4        0x4 ./system/src/cmsis/vectors_stm32f407xx.o
                0x00000000080003e4                RTC_Alarm_IRQHandler
                0x00000000080003e4                HASH_RNG_IRQHandler
                0x00000000080003e4                EXTI2_IRQHandler
                0x00000000080003e4                TIM8_CC_IRQHandler
                0x00000000080003e4                TIM1_CC_IRQHandler
                0x00000000080003e4                DMA2_Stream5_IRQHandler
                0x00000000080003e4                DMA1_Stream5_IRQHandler
                0x00000000080003e4                PVD_IRQHandler
                0x00000000080003e4                SDIO_IRQHandler
                0x00000000080003e4                TAMP_STAMP_IRQHandler
                0x00000000080003e4                CAN2_RX1_IRQHandler
                0x00000000080003e4                EXTI3_IRQHandler
                0x00000000080003e4                TIM8_TRG_COM_TIM14_IRQHandler
                0x00000000080003e4                TIM1_UP_TIM10_IRQHandler
                0x00000000080003e4                TIM8_UP_TIM13_IRQHandler
                0x00000000080003e4                I2C3_ER_IRQHandler
                0x00000000080003e4                EXTI0_IRQHandler
                0x00000000080003e4                I2C2_EV_IRQHandler
                0x00000000080003e4                DMA1_Stream2_IRQHandler
                0x00000000080003e4                CAN1_RX0_IRQHandler
                0x00000000080003e4                FPU_IRQHandler
                0x00000000080003e4                OTG_HS_WKUP_IRQHandler
                0x00000000080003e4                CAN2_SCE_IRQHandler
                0x00000000080003e4                DMA2_Stream2_IRQHandler
                0x00000000080003e4                SPI1_IRQHandler
                0x00000000080003e4                TIM6_DAC_IRQHandler
                0x00000000080003e4                TIM1_BRK_TIM9_IRQHandler
                0x00000000080003e4                DCMI_IRQHandler
                0x00000000080003e4                CAN2_RX0_IRQHandler
                0x00000000080003e4                DMA2_Stream3_IRQHandler
                0x00000000080003e4                USART6_IRQHandler
                0x00000000080003e4                USART3_IRQHandler
                0x00000000080003e4                CAN1_RX1_IRQHandler
                0x00000000080003e4                UART5_IRQHandler
                0x00000000080003e4                DMA2_Stream0_IRQHandler
                0x00000000080003e4                TIM4_IRQHandler
                0x00000000080003e4                I2C1_EV_IRQHandler
                0x00000000080003e4                DMA1_Stream6_IRQHandler
                0x00000000080003e4                DMA1_Stream1_IRQHandler
                0x00000000080003e4                UART4_IRQHandler
                0x00000000080003e4                TIM3_IRQHandler
                0x00000000080003e4                RCC_IRQHandler
                0x00000000080003e4                TIM8_BRK_TIM12_IRQHandler
                0x00000000080003e4                Default_Handler
                0x00000000080003e4                EXTI15_10_IRQHandler
                0x00000000080003e4                ADC_IRQHandler
                0x00000000080003e4                DMA1_Stream7_IRQHandler
                0x00000000080003e4                TIM7_IRQHandler
                0x00000000080003e4                CAN2_TX_IRQHandler
                0x00000000080003e4                TIM5_IRQHandler
                0x00000000080003e4                DMA2_Stream7_IRQHandler
                0x00000000080003e4                I2C3_EV_IRQHandler
                0x00000000080003e4                EXTI9_5_IRQHandler
                0x00000000080003e4                RTC_WKUP_IRQHandler
                0x00000000080003e4                ETH_WKUP_IRQHandler
                0x00000000080003e4                SPI2_IRQHandler
                0x00000000080003e4                OTG_HS_EP1_IN_IRQHandler
                0x00000000080003e4                DMA1_Stream0_IRQHandler
                0x00000000080003e4                CAN1_TX_IRQHandler
                0x00000000080003e4                EXTI4_IRQHandler
                0x00000000080003e4                ETH_IRQHandler
                0x00000000080003e4                OTG_HS_EP1_OUT_IRQHandler
                0x00000000080003e4                WWDG_IRQHandler
                0x00000000080003e4                TIM2_IRQHandler
                0x00000000080003e4                OTG_FS_WKUP_IRQHandler
                0x00000000080003e4                TIM1_TRG_COM_TIM11_IRQHandler
                0x00000000080003e4                OTG_HS_IRQHandler
                0x00000000080003e4                EXTI1_IRQHandler
                0x00000000080003e4                USART2_IRQHandler
                0x00000000080003e4                I2C2_ER_IRQHandler
                0x00000000080003e4                DMA2_Stream1_IRQHandler
                0x00000000080003e4                CAN1_SCE_IRQHandler
                0x00000000080003e4                FLASH_IRQHandler
                0x00000000080003e4                DMA2_Stream4_IRQHandler
                0x00000000080003e4                USART1_IRQHandler
                0x00000000080003e4                OTG_FS_IRQHandler
                0x00000000080003e4                SPI3_IRQHandler
                0x00000000080003e4                DMA1_Stream4_IRQHandler
                0x00000000080003e4                I2C1_ER_IRQHandler
                0x00000000080003e4                FMC_IRQHandler
                0x00000000080003e4                DMA2_Stream6_IRQHandler
                0x00000000080003e4                DMA1_Stream3_IRQHandler

.inits          0x00000000080003e8       0x28
                0x00000000080003e8                __data_regions_array_start = .
                0x00000000080003e8        0x4 LONG 0x8004568 LOADADDR (.data)
                0x00000000080003ec        0x4 LONG 0x20000000 ADDR (.data)
                0x00000000080003f0        0x4 LONG 0x2000007c (ADDR (.data) + SIZEOF (.data))
                0x00000000080003f4        0x4 LONG 0x8004568 LOADADDR (.data_CCMRAM)
                0x00000000080003f8        0x4 LONG 0x10000000 ADDR (.data_CCMRAM)
                0x00000000080003fc        0x4 LONG 0x10000000 (ADDR (.data_CCMRAM) + SIZEOF (.data_CCMRAM))
                0x0000000008000400                __data_regions_array_end = .
                0x0000000008000400                __bss_regions_array_start = .
                0x0000000008000400        0x4 LONG 0x2000007c ADDR (.bss)
                0x0000000008000404        0x4 LONG 0x2001302c (ADDR (.bss) + SIZEOF (.bss))
                0x0000000008000408        0x4 LONG 0x10000000 ADDR (.bss_CCMRAM)
                0x000000000800040c        0x4 LONG 0x10000000 (ADDR (.bss_CCMRAM) + SIZEOF (.bss_CCMRAM))
                0x0000000008000410                __bss_regions_array_end = .
 *(.init)
 *(.fini)
                0x0000000008000410                . = ALIGN (0x4)
                0x0000000008000410                PROVIDE (__preinit_array_start = .)
 *(.preinit_array_sysinit .preinit_array_sysinit.*)
 *(.preinit_array_platform .preinit_array_platform.*)
 *(.preinit_array .preinit_array.*)
                0x0000000008000410                PROVIDE (__preinit_array_end = .)
                0x0000000008000410                . = ALIGN (0x4)
                0x0000000008000410                PROVIDE (__init_array_start = .)
 *(SORT_BY_NAME(.init_array.*))
 *(.init_array)
                0x0000000008000410                PROVIDE (__init_array_end = .)
                0x0000000008000410                . = ALIGN (0x4)
                0x0000000008000410                PROVIDE (__fini_array_start = .)
 *(SORT_BY_NAME(.fini_array.*))
 *(.fini_array)
                0x0000000008000410                PROVIDE (__fini_array_end = .)

.flashtext
 *(.flashtext .flashtext.*)

.text           0x0000000008000410     0x414f
 *(.text .text.*)
 .text.HAL_InitTick
                0x0000000008000410       0x4c ./system/src/stm32f4-hal/stm32f4xx_hal.o
                0x0000000008000410                HAL_InitTick
 .text.HAL_Init
                0x000000000800045c       0x34 ./system/src/stm32f4-hal/stm32f4xx_hal.o
                0x000000000800045c                HAL_Init
 .text.HAL_GetTick
                0x0000000008000490        0xc ./system/src/stm32f4-hal/stm32f4xx_hal.o
                0x0000000008000490                HAL_GetTick
 .text.HAL_NVIC_SetPriorityGrouping
                0x000000000800049c       0x3c ./system/src/stm32f4-hal/stm32f4xx_hal_cortex.o
                0x000000000800049c                HAL_NVIC_SetPriorityGrouping
 .text.HAL_NVIC_SetPriority
                0x00000000080004d8       0x8c ./system/src/stm32f4-hal/stm32f4xx_hal_cortex.o
                0x00000000080004d8                HAL_NVIC_SetPriority
 .text.HAL_SYSTICK_Config
                0x0000000008000564       0x28 ./system/src/stm32f4-hal/stm32f4xx_hal_cortex.o
                0x0000000008000564                HAL_SYSTICK_Config
 .text.HAL_SYSTICK_CLKSourceConfig
                0x000000000800058c       0x3c ./system/src/stm32f4-hal/stm32f4xx_hal_cortex.o
                0x000000000800058c                HAL_SYSTICK_CLKSourceConfig
 .text.HAL_GPIO_Init
                0x00000000080005c8      0x2e0 ./system/src/stm32f4-hal/stm32f4xx_hal_gpio.o
                0x00000000080005c8                HAL_GPIO_Init
 .text.HAL_RCC_OscConfig
                0x00000000080008a8      0x4f8 ./system/src/stm32f4-hal/stm32f4xx_hal_rcc.o
                0x00000000080008a8                HAL_RCC_OscConfig
 .text.HAL_RCC_GetSysClockFreq
                0x0000000008000da0       0xdc ./system/src/stm32f4-hal/stm32f4xx_hal_rcc.o
                0x0000000008000da0                HAL_RCC_GetSysClockFreq
 .text.HAL_RCC_ClockConfig
                0x0000000008000e7c      0x224 ./system/src/stm32f4-hal/stm32f4xx_hal_rcc.o
                0x0000000008000e7c                HAL_RCC_ClockConfig
 .text.HAL_RCC_GetHCLKFreq
                0x00000000080010a0        0xc ./system/src/stm32f4-hal/stm32f4xx_hal_rcc.o
                0x00000000080010a0                HAL_RCC_GetHCLKFreq
 .text._sbrk    0x00000000080010ac       0x44 ./system/src/newlib/sbrk.o
                0x00000000080010ac                _sbrk
 .text._exit    0x00000000080010f0       0x20 ./system/src/newlib/syscalls.o
                0x00000000080010f0                _exit
 .text.initialise_monitor_handles
                0x0000000008001110       0xa8 ./system/src/newlib/syscalls.o
                0x0000000008001110                initialise_monitor_handles
 .text.__initialize_args
                0x00000000080011b8       0xc0 ./system/src/newlib/syscalls.o
                0x00000000080011b8                __initialize_args
 .text._trace_write_semihosting_debug
                0x0000000008001278       0x62 ./system/src/diag/trace-impl.o
 .text.trace_write
                0x00000000080012da        0x8 ./system/src/diag/trace-impl.o
                0x00000000080012da                trace_write
 *fill*         0x00000000080012e2        0x2 
 .text.trace_printf
                0x00000000080012e4       0x34 ./system/src/diag/trace.o
                0x00000000080012e4                trace_printf
 .text.trace_puts
                0x0000000008001318       0x20 ./system/src/diag/trace.o
                0x0000000008001318                trace_puts
 .text.dumpExceptionStack
                0x0000000008001338       0xf4 ./system/src/cortexm/exception-handlers.o
                0x0000000008001338                dumpExceptionStack
 .text.isSemihosting
                0x000000000800142c      0x100 ./system/src/cortexm/exception-handlers.o
                0x000000000800142c                isSemihosting
 .text.__initialize_hardware_early
                0x000000000800152c       0x18 ./system/src/cortexm/initialize-hardware.o
                0x000000000800152c                __initialize_hardware_early
 .text.SystemInit
                0x0000000008001544       0x10 ./system/src/cmsis/system_stm32f4xx.o
                0x0000000008001544                SystemInit
 .text.SystemCoreClockUpdate
                0x0000000008001554       0xa0 ./system/src/cmsis/system_stm32f4xx.o
                0x0000000008001554                SystemCoreClockUpdate
 .text.SystemClock_Config
                0x00000000080015f4       0xa0 ./src/initialize-hardware.o
                0x00000000080015f4                SystemClock_Config
 .text.__initialize_hardware
                0x0000000008001694       0x10 ./src/initialize-hardware.o
                0x0000000008001694                __initialize_hardware
 .text.assert_failed
                0x00000000080016a4       0x14 ./src/initialize-hardware.o
                0x00000000080016a4                assert_failed
 .text.createLed
                0x00000000080016b8       0x10 ./src/led.o
                0x00000000080016b8                createLed
 .text.turn_on  0x00000000080016c8       0x2c ./src/led.o
                0x00000000080016c8                turn_on
 .text.turn_off
                0x00000000080016f4       0x2c ./src/led.o
                0x00000000080016f4                turn_off
 .text.power_up
                0x0000000008001720       0x40 ./src/led.o
                0x0000000008001720                power_up
 .text.isOn     0x0000000008001760       0x40 ./src/led.o
                0x0000000008001760                isOn
 .text.prvAutoReloadTimerCallback
                0x00000000080017a0       0x2c ./src/main.o
 .text.prvOneShotTimerCallback
                0x00000000080017cc       0x18 ./src/main.o
 .text.main     0x00000000080017e4      0x11c ./src/main.o
                0x00000000080017e4                main
 .text.vApplicationMallocFailedHook
                0x0000000008001900        0x2 ./src/main.o
                0x0000000008001900                vApplicationMallocFailedHook
 .text.vApplicationStackOverflowHook
                0x0000000008001902        0x2 ./src/main.o
                0x0000000008001902                vApplicationStackOverflowHook
 .text.vApplicationIdleHook
                0x0000000008001904       0x12 ./src/main.o
                0x0000000008001904                vApplicationIdleHook
 .text.vApplicationTickHook
                0x0000000008001916        0x2 ./src/main.o
                0x0000000008001916                vApplicationTickHook
 .text.HAL_MspInit
                0x0000000008001918        0x2 ./src/stm32f4xx_hal_msp.o
                0x0000000008001918                HAL_MspInit
 *fill*         0x000000000800191a        0x2 
 .text.prvHeapInit
                0x000000000800191c       0x64 ./FreeRTOS Source/portable/MemMang/heap_4.o
 .text.prvInsertBlockIntoFreeList
                0x0000000008001980       0x64 ./FreeRTOS Source/portable/MemMang/heap_4.o
 .text.pvPortMalloc
                0x00000000080019e4      0x104 ./FreeRTOS Source/portable/MemMang/heap_4.o
                0x00000000080019e4                pvPortMalloc
 .text.vPortFree
                0x0000000008001ae8       0x70 ./FreeRTOS Source/portable/MemMang/heap_4.o
                0x0000000008001ae8                vPortFree
 .text.xPortGetFreeHeapSize
                0x0000000008001b58        0xc ./FreeRTOS Source/portable/MemMang/heap_4.o
                0x0000000008001b58                xPortGetFreeHeapSize
 .text.prvTaskExitError
                0x0000000008001b64       0x34 ./FreeRTOS Source/portable/GCC/ARM_CM4F/port.o
 .text.prvPortStartFirstTask
                0x0000000008001b98       0x20 ./FreeRTOS Source/portable/GCC/ARM_CM4F/port.o
 .text.pxPortInitialiseStack
                0x0000000008001bb8       0x2c ./FreeRTOS Source/portable/GCC/ARM_CM4F/port.o
                0x0000000008001bb8                pxPortInitialiseStack
 *fill*         0x0000000008001be4        0xc 
 .text.SVC_Handler
                0x0000000008001bf0       0x24 ./FreeRTOS Source/portable/GCC/ARM_CM4F/port.o
                0x0000000008001bf0                SVC_Handler
 .text.vPortEnterCritical
                0x0000000008001c14       0x44 ./FreeRTOS Source/portable/GCC/ARM_CM4F/port.o
                0x0000000008001c14                vPortEnterCritical
 .text.vPortExitCritical
                0x0000000008001c58       0x2c ./FreeRTOS Source/portable/GCC/ARM_CM4F/port.o
                0x0000000008001c58                vPortExitCritical
 *fill*         0x0000000008001c84        0xc 
 .text.PendSV_Handler
                0x0000000008001c90       0x64 ./FreeRTOS Source/portable/GCC/ARM_CM4F/port.o
                0x0000000008001c90                PendSV_Handler
 .text.SysTick_Handler
                0x0000000008001cf4       0x2c ./FreeRTOS Source/portable/GCC/ARM_CM4F/port.o
                0x0000000008001cf4                SysTick_Handler
 .text.vPortSetupTimerInterrupt
                0x0000000008001d20       0x24 ./FreeRTOS Source/portable/GCC/ARM_CM4F/port.o
                0x0000000008001d20                vPortSetupTimerInterrupt
 .text.xPortStartScheduler
                0x0000000008001d44       0xf4 ./FreeRTOS Source/portable/GCC/ARM_CM4F/port.o
                0x0000000008001d44                xPortStartScheduler
 .text.vPortValidateInterruptPriority
                0x0000000008001e38       0x5c ./FreeRTOS Source/portable/GCC/ARM_CM4F/port.o
                0x0000000008001e38                vPortValidateInterruptPriority
 .text.vListInitialise
                0x0000000008001e94       0x16 ./FreeRTOS Source/list.o
                0x0000000008001e94                vListInitialise
 .text.vListInitialiseItem
                0x0000000008001eaa        0x6 ./FreeRTOS Source/list.o
                0x0000000008001eaa                vListInitialiseItem
 .text.vListInsertEnd
                0x0000000008001eb0       0x16 ./FreeRTOS Source/list.o
                0x0000000008001eb0                vListInsertEnd
 .text.vListInsert
                0x0000000008001ec6       0x32 ./FreeRTOS Source/list.o
                0x0000000008001ec6                vListInsert
 .text.uxListRemove
                0x0000000008001ef8       0x24 ./FreeRTOS Source/list.o
                0x0000000008001ef8                uxListRemove
 .text.prvIsQueueFull
                0x0000000008001f1c       0x1e ./FreeRTOS Source/queue.o
 .text.prvIsQueueEmpty
                0x0000000008001f3a       0x1a ./FreeRTOS Source/queue.o
 .text.prvCopyDataToQueue
                0x0000000008001f54       0x76 ./FreeRTOS Source/queue.o
 .text.prvCopyDataFromQueue
                0x0000000008001fca       0x24 ./FreeRTOS Source/queue.o
 .text.prvUnlockQueue
                0x0000000008001fee       0x6e ./FreeRTOS Source/queue.o
 .text.xQueueGenericReset
                0x000000000800205c       0x84 ./FreeRTOS Source/queue.o
                0x000000000800205c                xQueueGenericReset
 .text.prvInitialiseNewQueue
                0x00000000080020e0       0x22 ./FreeRTOS Source/queue.o
 .text.xQueueGenericCreate
                0x0000000008002102       0x48 ./FreeRTOS Source/queue.o
                0x0000000008002102                xQueueGenericCreate
 .text.xQueueGenericSend
                0x000000000800214a      0x188 ./FreeRTOS Source/queue.o
                0x000000000800214a                xQueueGenericSend
 .text.xQueueGenericSendFromISR
                0x00000000080022d2       0xcc ./FreeRTOS Source/queue.o
                0x00000000080022d2                xQueueGenericSendFromISR
 .text.xQueueGenericReceive
                0x000000000800239e      0x1ba ./FreeRTOS Source/queue.o
                0x000000000800239e                xQueueGenericReceive
 .text.vQueueAddToRegistry
                0x0000000008002558       0x28 ./FreeRTOS Source/queue.o
                0x0000000008002558                vQueueAddToRegistry
 .text.vQueueWaitForMessageRestricted
                0x0000000008002580       0x52 ./FreeRTOS Source/queue.o
                0x0000000008002580                vQueueWaitForMessageRestricted
 *fill*         0x00000000080025d2        0x2 
 .text.prvResetNextTaskUnblockTime
                0x00000000080025d4       0x2c ./FreeRTOS Source/tasks.o
 .text.prvDeleteTCB
                0x0000000008002600       0x12 ./FreeRTOS Source/tasks.o
 .text.prvInitialiseNewTask
                0x0000000008002612       0x98 ./FreeRTOS Source/tasks.o
 *fill*         0x00000000080026aa        0x2 
 .text.prvInitialiseTaskLists
                0x00000000080026ac       0x68 ./FreeRTOS Source/tasks.o
 .text.prvAddNewTaskToReadyList
                0x0000000008002714       0xac ./FreeRTOS Source/tasks.o
 .text.prvAddCurrentTaskToDelayedList
                0x00000000080027c0       0x98 ./FreeRTOS Source/tasks.o
 .text.xTaskCreate
                0x0000000008002858       0x64 ./FreeRTOS Source/tasks.o
                0x0000000008002858                xTaskCreate
 .text.vTaskStartScheduler
                0x00000000080028bc       0x84 ./FreeRTOS Source/tasks.o
                0x00000000080028bc                vTaskStartScheduler
 .text.vTaskSuspendAll
                0x0000000008002940       0x10 ./FreeRTOS Source/tasks.o
                0x0000000008002940                vTaskSuspendAll
 .text.xTaskGetTickCount
                0x0000000008002950        0xc ./FreeRTOS Source/tasks.o
                0x0000000008002950                xTaskGetTickCount
 .text.xTaskIncrementTick
                0x000000000800295c      0x128 ./FreeRTOS Source/tasks.o
                0x000000000800295c                xTaskIncrementTick
 .text.xTaskResumeAll
                0x0000000008002a84       0xf8 ./FreeRTOS Source/tasks.o
                0x0000000008002a84                xTaskResumeAll
 .text.prvCheckTasksWaitingTermination
                0x0000000008002b7c       0x5c ./FreeRTOS Source/tasks.o
 .text.prvIdleTask
                0x0000000008002bd8       0x30 ./FreeRTOS Source/tasks.o
 .text.vTaskSwitchContext
                0x0000000008002c08       0xcc ./FreeRTOS Source/tasks.o
                0x0000000008002c08                vTaskSwitchContext
 .text.vTaskPlaceOnEventList
                0x0000000008002cd4       0x30 ./FreeRTOS Source/tasks.o
                0x0000000008002cd4                vTaskPlaceOnEventList
 .text.vTaskPlaceOnEventListRestricted
                0x0000000008002d04       0x38 ./FreeRTOS Source/tasks.o
                0x0000000008002d04                vTaskPlaceOnEventListRestricted
 .text.xTaskRemoveFromEventList
                0x0000000008002d3c       0x8c ./FreeRTOS Source/tasks.o
                0x0000000008002d3c                xTaskRemoveFromEventList
 .text.vTaskSetTimeOutState
                0x0000000008002dc8       0x2c ./FreeRTOS Source/tasks.o
                0x0000000008002dc8                vTaskSetTimeOutState
 .text.xTaskCheckForTimeOut
                0x0000000008002df4       0x80 ./FreeRTOS Source/tasks.o
                0x0000000008002df4                xTaskCheckForTimeOut
 .text.vTaskMissedYield
                0x0000000008002e74        0xc ./FreeRTOS Source/tasks.o
                0x0000000008002e74                vTaskMissedYield
 .text.xTaskGetSchedulerState
                0x0000000008002e80       0x20 ./FreeRTOS Source/tasks.o
                0x0000000008002e80                xTaskGetSchedulerState
 .text.vTaskPriorityInherit
                0x0000000008002ea0       0xa0 ./FreeRTOS Source/tasks.o
                0x0000000008002ea0                vTaskPriorityInherit
 .text.xTaskPriorityDisinherit
                0x0000000008002f40       0xb0 ./FreeRTOS Source/tasks.o
                0x0000000008002f40                xTaskPriorityDisinherit
 .text.pvTaskIncrementMutexHeldCount
                0x0000000008002ff0       0x1c ./FreeRTOS Source/tasks.o
                0x0000000008002ff0                pvTaskIncrementMutexHeldCount
 .text.prvGetNextExpireTime
                0x000000000800300c       0x20 ./FreeRTOS Source/timers.o
 .text.prvInsertTimerInActiveList
                0x000000000800302c       0x48 ./FreeRTOS Source/timers.o
 .text.prvCheckForValidListAndQueue
                0x0000000008003074       0x5c ./FreeRTOS Source/timers.o
 .text.prvInitialiseNewTimer
                0x00000000080030d0       0x40 ./FreeRTOS Source/timers.o
 .text.xTimerCreateTimerTask
                0x0000000008003110       0x50 ./FreeRTOS Source/timers.o
                0x0000000008003110                xTimerCreateTimerTask
 .text.xTimerCreate
                0x0000000008003160       0x32 ./FreeRTOS Source/timers.o
                0x0000000008003160                xTimerCreate
 *fill*         0x0000000008003192        0x2 
 .text.xTimerGenericCommand
                0x0000000008003194       0x6c ./FreeRTOS Source/timers.o
                0x0000000008003194                xTimerGenericCommand
 .text.prvSwitchTimerLists
                0x0000000008003200       0x78 ./FreeRTOS Source/timers.o
 .text.prvSampleTimeNow
                0x0000000008003278       0x2c ./FreeRTOS Source/timers.o
 .text.prvProcessExpiredTimer
                0x00000000080032a4       0x60 ./FreeRTOS Source/timers.o
 .text.prvProcessTimerOrBlockTask
                0x0000000008003304       0x74 ./FreeRTOS Source/timers.o
 .text.prvProcessReceivedCommands
                0x0000000008003378       0xe0 ./FreeRTOS Source/timers.o
 .text.prvTimerTask
                0x0000000008003458       0x16 ./FreeRTOS Source/timers.o
 *fill*         0x000000000800346e        0x2 
 .text          0x0000000008003470       0x30 /home/helmenier/.local/xPacks/@xpack-dev-tools/arm-none-eabi-gcc/11.2.1-1.2.2/.content/bin/../lib/gcc/arm-none-eabi/11.2.1/thumb/v7e-m+fp/softfp/libgcc.a(_aeabi_uldivmod.o)
                0x0000000008003470                __aeabi_uldivmod
 .text.__udivmoddi4
                0x00000000080034a0      0x2c8 /home/helmenier/.local/xPacks/@xpack-dev-tools/arm-none-eabi-gcc/11.2.1-1.2.2/.content/bin/../lib/gcc/arm-none-eabi/11.2.1/thumb/v7e-m+fp/softfp/libgcc.a(_udivmoddi4.o)
                0x00000000080034a0                __udivmoddi4
 .text          0x0000000008003768        0x4 /home/helmenier/.local/xPacks/@xpack-dev-tools/arm-none-eabi-gcc/11.2.1-1.2.2/.content/bin/../lib/gcc/arm-none-eabi/11.2.1/thumb/v7e-m+fp/softfp/libgcc.a(_dvmd_tls.o)
                0x0000000008003768                __aeabi_ldiv0
                0x0000000008003768                __aeabi_idiv0
 .text.__errno  0x000000000800376c        0xc /home/helmenier/.local/xPacks/@xpack-dev-tools/arm-none-eabi-gcc/11.2.1-1.2.2/.content/bin/../lib/gcc/arm-none-eabi/11.2.1/../../../../arm-none-eabi/lib/thumb/v7e-m+fp/softfp/libg_nano.a(lib_a-errno.o)
                0x000000000800376c                __errno
 .text.memcpy   0x0000000008003778       0x1c /home/helmenier/.local/xPacks/@xpack-dev-tools/arm-none-eabi-gcc/11.2.1-1.2.2/.content/bin/../lib/gcc/arm-none-eabi/11.2.1/../../../../arm-none-eabi/lib/thumb/v7e-m+fp/softfp/libg_nano.a(lib_a-memcpy-stub.o)
                0x0000000008003778                memcpy
 .text.memset   0x0000000008003794       0x10 /home/helmenier/.local/xPacks/@xpack-dev-tools/arm-none-eabi-gcc/11.2.1-1.2.2/.content/bin/../lib/gcc/arm-none-eabi/11.2.1/../../../../arm-none-eabi/lib/thumb/v7e-m+fp/softfp/libg_nano.a(lib_a-memset.o)
                0x0000000008003794                memset
 .text.sbrk_aligned
                0x00000000080037a4       0x40 /home/helmenier/.local/xPacks/@xpack-dev-tools/arm-none-eabi-gcc/11.2.1-1.2.2/.content/bin/../lib/gcc/arm-none-eabi/11.2.1/../../../../arm-none-eabi/lib/thumb/v7e-m+fp/softfp/libg_nano.a(lib_a-nano-mallocr.o)
 .text._malloc_r
                0x00000000080037e4       0xe8 /home/helmenier/.local/xPacks/@xpack-dev-tools/arm-none-eabi-gcc/11.2.1-1.2.2/.content/bin/../lib/gcc/arm-none-eabi/11.2.1/../../../../arm-none-eabi/lib/thumb/v7e-m+fp/softfp/libg_nano.a(lib_a-nano-mallocr.o)
                0x00000000080037e4                _malloc_r
 .text._sbrk_r  0x00000000080038cc       0x20 /home/helmenier/.local/xPacks/@xpack-dev-tools/arm-none-eabi-gcc/11.2.1-1.2.2/.content/bin/../lib/gcc/arm-none-eabi/11.2.1/../../../../arm-none-eabi/lib/thumb/v7e-m+fp/softfp/libg_nano.a(lib_a-sbrkr.o)
                0x00000000080038cc                _sbrk_r
 .text          0x00000000080038ec       0x14 /home/helmenier/.local/xPacks/@xpack-dev-tools/arm-none-eabi-gcc/11.2.1-1.2.2/.content/bin/../lib/gcc/arm-none-eabi/11.2.1/../../../../arm-none-eabi/lib/thumb/v7e-m+fp/softfp/libg_nano.a(lib_a-strcmp.o)
                0x00000000080038ec                strcmp
 .text          0x0000000008003900       0x10 /home/helmenier/.local/xPacks/@xpack-dev-tools/arm-none-eabi-gcc/11.2.1-1.2.2/.content/bin/../lib/gcc/arm-none-eabi/11.2.1/../../../../arm-none-eabi/lib/thumb/v7e-m+fp/softfp/libg_nano.a(lib_a-strlen.o)
                0x0000000008003900                strlen
 .text._vsnprintf_r
                0x0000000008003910       0x56 /home/helmenier/.local/xPacks/@xpack-dev-tools/arm-none-eabi-gcc/11.2.1-1.2.2/.content/bin/../lib/gcc/arm-none-eabi/11.2.1/../../../../arm-none-eabi/lib/thumb/v7e-m+fp/softfp/libg_nano.a(lib_a-vsnprintf.o)
                0x0000000008003910                _vsnprintf_r
                0x0000000008003910                _vsniprintf_r
 *fill*         0x0000000008003966        0x2 
 .text.vsnprintf
                0x0000000008003968       0x1c /home/helmenier/.local/xPacks/@xpack-dev-tools/arm-none-eabi-gcc/11.2.1-1.2.2/.content/bin/../lib/gcc/arm-none-eabi/11.2.1/../../../../arm-none-eabi/lib/thumb/v7e-m+fp/softfp/libg_nano.a(lib_a-vsnprintf.o)
                0x0000000008003968                vsnprintf
                0x0000000008003968                vsniprintf
 .text.__malloc_lock
                0x0000000008003984        0x2 /home/helmenier/.local/xPacks/@xpack-dev-tools/arm-none-eabi-gcc/11.2.1-1.2.2/.content/bin/../lib/gcc/arm-none-eabi/11.2.1/../../../../arm-none-eabi/lib/thumb/v7e-m+fp/softfp/libg_nano.a(lib_a-mlock.o)
                0x0000000008003984                __malloc_lock
 .text.__malloc_unlock
                0x0000000008003986        0x2 /home/helmenier/.local/xPacks/@xpack-dev-tools/arm-none-eabi-gcc/11.2.1-1.2.2/.content/bin/../lib/gcc/arm-none-eabi/11.2.1/../../../../arm-none-eabi/lib/thumb/v7e-m+fp/softfp/libg_nano.a(lib_a-mlock.o)
                0x0000000008003986                __malloc_unlock
 .text._free_r  0x0000000008003988       0x98 /home/helmenier/.local/xPacks/@xpack-dev-tools/arm-none-eabi-gcc/11.2.1-1.2.2/.content/bin/../lib/gcc/arm-none-eabi/11.2.1/../../../../arm-none-eabi/lib/thumb/v7e-m+fp/softfp/libg_nano.a(lib_a-nano-freer.o)
                0x0000000008003988                _free_r
 .text.__ssputs_r
                0x0000000008003a20       0xb4 /home/helmenier/.local/xPacks/@xpack-dev-tools/arm-none-eabi-gcc/11.2.1-1.2.2/.content/bin/../lib/gcc/arm-none-eabi/11.2.1/../../../../arm-none-eabi/lib/thumb/v7e-m+fp/softfp/libg_nano.a(lib_a-nano-svfprintf.o)
                0x0000000008003a20                __ssputs_r
 .text._svfprintf_r
                0x0000000008003ad4      0x1fc /home/helmenier/.local/xPacks/@xpack-dev-tools/arm-none-eabi-gcc/11.2.1-1.2.2/.content/bin/../lib/gcc/arm-none-eabi/11.2.1/../../../../arm-none-eabi/lib/thumb/v7e-m+fp/softfp/libg_nano.a(lib_a-nano-svfprintf.o)
                0x0000000008003ad4                _svfprintf_r
                0x0000000008003ad4                _svfiprintf_r
 .text._printf_common
                0x0000000008003cd0       0xda /home/helmenier/.local/xPacks/@xpack-dev-tools/arm-none-eabi-gcc/11.2.1-1.2.2/.content/bin/../lib/gcc/arm-none-eabi/11.2.1/../../../../arm-none-eabi/lib/thumb/v7e-m+fp/softfp/libg_nano.a(lib_a-nano-vfprintf_i.o)
                0x0000000008003cd0                _printf_common
 *fill*         0x0000000008003daa        0x2 
 .text._printf_i
                0x0000000008003dac      0x244 /home/helmenier/.local/xPacks/@xpack-dev-tools/arm-none-eabi-gcc/11.2.1-1.2.2/.content/bin/../lib/gcc/arm-none-eabi/11.2.1/../../../../arm-none-eabi/lib/thumb/v7e-m+fp/softfp/libg_nano.a(lib_a-nano-vfprintf_i.o)
                0x0000000008003dac                _printf_i
 .text          0x0000000008003ff0       0xa0 /home/helmenier/.local/xPacks/@xpack-dev-tools/arm-none-eabi-gcc/11.2.1-1.2.2/.content/bin/../lib/gcc/arm-none-eabi/11.2.1/../../../../arm-none-eabi/lib/thumb/v7e-m+fp/softfp/libg_nano.a(lib_a-memchr.o)
                0x0000000008003ff0                memchr
 .text.memmove  0x0000000008004090       0x34 /home/helmenier/.local/xPacks/@xpack-dev-tools/arm-none-eabi-gcc/11.2.1-1.2.2/.content/bin/../lib/gcc/arm-none-eabi/11.2.1/../../../../arm-none-eabi/lib/thumb/v7e-m+fp/softfp/libg_nano.a(lib_a-memmove.o)
                0x0000000008004090                memmove
 .text._realloc_r
                0x00000000080040c4       0x5e /home/helmenier/.local/xPacks/@xpack-dev-tools/arm-none-eabi-gcc/11.2.1-1.2.2/.content/bin/../lib/gcc/arm-none-eabi/11.2.1/../../../../arm-none-eabi/lib/thumb/v7e-m+fp/softfp/libg_nano.a(lib_a-nano-reallocr.o)
                0x00000000080040c4                _realloc_r
 .text._malloc_usable_size_r
                0x0000000008004122       0x10 /home/helmenier/.local/xPacks/@xpack-dev-tools/arm-none-eabi-gcc/11.2.1-1.2.2/.content/bin/../lib/gcc/arm-none-eabi/11.2.1/../../../../arm-none-eabi/lib/thumb/v7e-m+fp/softfp/libg_nano.a(lib_a-nano-msizer.o)
                0x0000000008004122                _malloc_usable_size_r
 *(.rodata .rodata.* .constdata .constdata.*)
 *fill*         0x0000000008004132        0x2 
 .rodata.HAL_NVIC_SetPriorityGrouping.str1.4
                0x0000000008004134       0x31 ./system/src/stm32f4-hal/stm32f4xx_hal_cortex.o
 *fill*         0x0000000008004165        0x3 
 .rodata.HAL_GPIO_Init.str1.4
                0x0000000008004168       0x2f ./system/src/stm32f4-hal/stm32f4xx_hal_gpio.o
 *fill*         0x0000000008004197        0x1 
 .rodata.HAL_RCC_OscConfig.str1.4
                0x0000000008004198       0x2e ./system/src/stm32f4-hal/stm32f4xx_hal_rcc.o
 *fill*         0x00000000080041c6        0x2 
 .rodata.initialise_monitor_handles.str1.4
                0x00000000080041c8        0x4 ./system/src/newlib/syscalls.o
 .rodata.trace_puts.str1.4
                0x00000000080041cc        0x4 ./system/src/diag/trace.o
                                          0x2 (size before relaxing)
 .rodata.dumpExceptionStack.str1.4
                0x00000000080041cc      0x11a ./system/src/cortexm/exception-handlers.o
 .rodata.isSemihosting.str1.4
                0x00000000080042e6        0x4 ./system/src/cortexm/exception-handlers.o
 *fill*         0x00000000080042e6        0x2 
 .rodata.str1.4
                0x00000000080042e8       0x2a ./system/src/cortexm/exception-handlers.o
 *fill*         0x0000000008004312        0x2 
 .rodata.AHBPrescTable
                0x0000000008004314       0x10 ./system/src/cmsis/system_stm32f4xx.o
                0x0000000008004314                AHBPrescTable
 .rodata.assert_failed.str1.4
                0x0000000008004324       0x2d ./src/initialize-hardware.o
 *fill*         0x0000000008004351        0x3 
 .rodata.prvAutoReloadTimerCallback.str1.4
                0x0000000008004354       0x25 ./src/main.o
 *fill*         0x0000000008004379        0x3 
 .rodata.prvOneShotTimerCallback.str1.4
                0x000000000800437c       0x22 ./src/main.o
 *fill*         0x000000000800439e        0x2 
 .rodata.main.str1.4
                0x00000000080043a0        0xf ./src/main.o
 *fill*         0x00000000080043af        0x1 
 .rodata.vTaskStartScheduler.str1.4
                0x00000000080043b0        0x5 ./FreeRTOS Source/tasks.o
 *fill*         0x00000000080043b5        0x3 
 .rodata.prvCheckForValidListAndQueue.str1.4
                0x00000000080043b8        0x5 ./FreeRTOS Source/timers.o
 *fill*         0x00000000080043bd        0x3 
 .rodata.xTimerCreateTimerTask.str1.4
                0x00000000080043c0        0x8 ./FreeRTOS Source/timers.o
 .rodata._ctype_
                0x00000000080043c8      0x101 /home/helmenier/.local/xPacks/@xpack-dev-tools/arm-none-eabi-gcc/11.2.1-1.2.2/.content/bin/../lib/gcc/arm-none-eabi/11.2.1/../../../../arm-none-eabi/lib/thumb/v7e-m+fp/softfp/libg_nano.a(lib_a-ctype_.o)
                0x00000000080043c8                _ctype_
 *fill*         0x00000000080044c9        0x3 
 .rodata.__sf_fake_stderr
                0x00000000080044cc       0x20 /home/helmenier/.local/xPacks/@xpack-dev-tools/arm-none-eabi-gcc/11.2.1-1.2.2/.content/bin/../lib/gcc/arm-none-eabi/11.2.1/../../../../arm-none-eabi/lib/thumb/v7e-m+fp/softfp/libg_nano.a(lib_a-findfp.o)
                0x00000000080044cc                __sf_fake_stderr
 .rodata.__sf_fake_stdin
                0x00000000080044ec       0x20 /home/helmenier/.local/xPacks/@xpack-dev-tools/arm-none-eabi-gcc/11.2.1-1.2.2/.content/bin/../lib/gcc/arm-none-eabi/11.2.1/../../../../arm-none-eabi/lib/thumb/v7e-m+fp/softfp/libg_nano.a(lib_a-findfp.o)
                0x00000000080044ec                __sf_fake_stdin
 .rodata.__sf_fake_stdout
                0x000000000800450c       0x20 /home/helmenier/.local/xPacks/@xpack-dev-tools/arm-none-eabi-gcc/11.2.1-1.2.2/.content/bin/../lib/gcc/arm-none-eabi/11.2.1/../../../../arm-none-eabi/lib/thumb/v7e-m+fp/softfp/libg_nano.a(lib_a-findfp.o)
                0x000000000800450c                __sf_fake_stdout
 .rodata._svfprintf_r.str1.1
                0x000000000800452c       0x11 /home/helmenier/.local/xPacks/@xpack-dev-tools/arm-none-eabi-gcc/11.2.1-1.2.2/.content/bin/../lib/gcc/arm-none-eabi/11.2.1/../../../../arm-none-eabi/lib/thumb/v7e-m+fp/softfp/libg_nano.a(lib_a-nano-svfprintf.o)
 .rodata._printf_i.str1.1
                0x000000000800453d       0x22 /home/helmenier/.local/xPacks/@xpack-dev-tools/arm-none-eabi-gcc/11.2.1-1.2.2/.content/bin/../lib/gcc/arm-none-eabi/11.2.1/../../../../arm-none-eabi/lib/thumb/v7e-m+fp/softfp/libg_nano.a(lib_a-nano-vfprintf_i.o)
 *(vtable)
 *(.eh_frame*)
 *(.glue_7)
 .glue_7        0x000000000800455f        0x0 linker stubs
 *(.glue_7t)
 .glue_7t       0x000000000800455f        0x0 linker stubs

.vfp11_veneer   0x0000000008004560        0x0
 .vfp11_veneer  0x0000000008004560        0x0 linker stubs

.v4_bx          0x0000000008004560        0x0
 .v4_bx         0x0000000008004560        0x0 linker stubs

.iplt           0x0000000008004560        0x0
 .iplt          0x0000000008004560        0x0 ./system/src/stm32f4-hal/stm32f4xx_hal.o

.ARM.extab
 *(.ARM.extab* .gnu.linkonce.armextab.*)
                0x0000000008004560                . = ALIGN (0x4)
                0x0000000008004560                __exidx_start = .

.ARM.exidx      0x0000000008004560        0x8
 *(.ARM.exidx* .gnu.linkonce.armexidx.*)
 .ARM.exidx.text.__udivmoddi4
                0x0000000008004560        0x8 /home/helmenier/.local/xPacks/@xpack-dev-tools/arm-none-eabi-gcc/11.2.1-1.2.2/.content/bin/../lib/gcc/arm-none-eabi/11.2.1/thumb/v7e-m+fp/softfp/libgcc.a(_udivmoddi4.o)
                0x0000000008004568                __exidx_end = .

.rel.dyn        0x0000000008004568        0x0
 .rel.iplt      0x0000000008004568        0x0 ./system/src/stm32f4-hal/stm32f4xx_hal.o
                0x0000000008004568                . = ALIGN (0x4)
                0x0000000008004568                _etext = .
                0x0000000008004568                __etext = .

.data_CCMRAM    0x0000000010000000        0x0 load address 0x0000000008004568
 FILL mask 0xff
 *(.data.CCMRAM .data.CCMRAM.*)
                0x0000000010000000                . = ALIGN (0x4)
                0x0000000008004568                _sidata = LOADADDR (.data)

.data           0x0000000020000000       0x7c load address 0x0000000008004568
 FILL mask 0xff
                0x0000000020000000                _sdata = .
                0x0000000020000000                __data_start__ = .
 *(.data_begin .data_begin.*)
 .data_begin    0x0000000020000000        0x4 ./system/src/newlib/startup.o
 *(.data .data.*)
 .data.uwTickFreq
                0x0000000020000004        0x1 ./system/src/stm32f4-hal/stm32f4xx_hal.o
                0x0000000020000004                uwTickFreq
 *fill*         0x0000000020000005        0x3 ff
 .data.uwTickPrio
                0x0000000020000008        0x4 ./system/src/stm32f4-hal/stm32f4xx_hal.o
                0x0000000020000008                uwTickPrio
 .data.SystemCoreClock
                0x000000002000000c        0x4 ./system/src/cmsis/system_stm32f4xx.o
                0x000000002000000c                SystemCoreClock
 .data.uxCriticalNesting
                0x0000000020000010        0x4 ./FreeRTOS Source/portable/GCC/ARM_CM4F/port.o
 .data._impure_ptr
                0x0000000020000014        0x4 /home/helmenier/.local/xPacks/@xpack-dev-tools/arm-none-eabi-gcc/11.2.1-1.2.2/.content/bin/../lib/gcc/arm-none-eabi/11.2.1/../../../../arm-none-eabi/lib/thumb/v7e-m+fp/softfp/libg_nano.a(lib_a-impure.o)
                0x0000000020000014                _impure_ptr
 .data.impure_data
                0x0000000020000018       0x60 /home/helmenier/.local/xPacks/@xpack-dev-tools/arm-none-eabi-gcc/11.2.1-1.2.2/.content/bin/../lib/gcc/arm-none-eabi/11.2.1/../../../../arm-none-eabi/lib/thumb/v7e-m+fp/softfp/libg_nano.a(lib_a-impure.o)
 *(.data_end .data_end.*)
 .data_end      0x0000000020000078        0x4 ./system/src/newlib/startup.o
                0x000000002000007c                . = ALIGN (0x4)
                0x000000002000007c                _edata = .
                0x000000002000007c                __data_end__ = .

.igot.plt       0x000000002000007c        0x0 load address 0x00000000080045e4
 .igot.plt      0x000000002000007c        0x0 ./system/src/stm32f4-hal/stm32f4xx_hal.o

.bss_CCMRAM     0x0000000010000000        0x0
 *(.bss.CCMRAM .bss.CCMRAM.*)

.bss            0x000000002000007c    0x12fb0
                0x000000002000007c                __bss_start__ = .
                0x000000002000007c                _sbss = .
 *(.bss_begin .bss_begin.*)
 .bss_begin     0x000000002000007c        0x4 ./system/src/newlib/startup.o
 *(.bss .bss.*)
 .bss.uwTick    0x0000000020000080        0x4 ./system/src/stm32f4-hal/stm32f4xx_hal.o
                0x0000000020000080                uwTick
 .bss.current_heap_end.0
                0x0000000020000084        0x4 ./system/src/newlib/sbrk.o
 .bss.args_buf.1
                0x0000000020000088       0x50 ./system/src/newlib/syscalls.o
 .bss.argv_buf.0
                0x00000000200000d8       0x28 ./system/src/newlib/syscalls.o
 .bss.errno     0x0000000020000100        0x4 ./system/src/newlib/syscalls.o
                0x0000000020000100                errno
 .bss.monitor_stderr
                0x0000000020000104        0x4 ./system/src/newlib/syscalls.o
 .bss.monitor_stdin
                0x0000000020000108        0x4 ./system/src/newlib/syscalls.o
 .bss.monitor_stdout
                0x000000002000010c        0x4 ./system/src/newlib/syscalls.o
 .bss.openfiles
                0x0000000020000110       0xa0 ./system/src/newlib/syscalls.o
 .bss.buf.0     0x00000000200001b0       0x80 ./system/src/diag/trace.o
 .bss.blinkLeds
                0x0000000020000230       0x40 ./src/main.o
                0x0000000020000230                blinkLeds
 .bss.xTimer1   0x0000000020000270        0x4 ./src/main.o
 .bss.xTimer1Started
                0x0000000020000274        0x4 ./src/main.o
                0x0000000020000274                xTimer1Started
 .bss.xTimer2   0x0000000020000278        0x4 ./src/main.o
 .bss.xTimer2Started
                0x000000002000027c        0x4 ./src/main.o
                0x000000002000027c                xTimer2Started
 .bss.pxEnd     0x0000000020000280        0x4 ./FreeRTOS Source/portable/MemMang/heap_4.o
 .bss.ucHeap    0x0000000020000284    0x12c00 ./FreeRTOS Source/portable/MemMang/heap_4.o
 .bss.xBlockAllocatedBit
                0x0000000020012e84        0x4 ./FreeRTOS Source/portable/MemMang/heap_4.o
 .bss.xFreeBytesRemaining
                0x0000000020012e88        0x4 ./FreeRTOS Source/portable/MemMang/heap_4.o
 .bss.xMinimumEverFreeBytesRemaining
                0x0000000020012e8c        0x4 ./FreeRTOS Source/portable/MemMang/heap_4.o
 .bss.xStart    0x0000000020012e90        0x8 ./FreeRTOS Source/portable/MemMang/heap_4.o
 .bss.ucMaxSysCallPriority
                0x0000000020012e98        0x1 ./FreeRTOS Source/portable/GCC/ARM_CM4F/port.o
 *fill*         0x0000000020012e99        0x3 
 .bss.ulMaxPRIGROUPValue
                0x0000000020012e9c        0x4 ./FreeRTOS Source/portable/GCC/ARM_CM4F/port.o
 .bss.xQueueRegistry
                0x0000000020012ea0       0x40 ./FreeRTOS Source/queue.o
                0x0000000020012ea0                xQueueRegistry
 .bss.pxCurrentTCB
                0x0000000020012ee0        0x4 ./FreeRTOS Source/tasks.o
                0x0000000020012ee0                pxCurrentTCB
 .bss.pxDelayedTaskList
                0x0000000020012ee4        0x4 ./FreeRTOS Source/tasks.o
 .bss.pxOverflowDelayedTaskList
                0x0000000020012ee8        0x4 ./FreeRTOS Source/tasks.o
 .bss.pxReadyTasksLists
                0x0000000020012eec       0x64 ./FreeRTOS Source/tasks.o
 .bss.uxCurrentNumberOfTasks
                0x0000000020012f50        0x4 ./FreeRTOS Source/tasks.o
 .bss.uxDeletedTasksWaitingCleanUp
                0x0000000020012f54        0x4 ./FreeRTOS Source/tasks.o
 .bss.uxPendedTicks
                0x0000000020012f58        0x4 ./FreeRTOS Source/tasks.o
 .bss.uxSchedulerSuspended
                0x0000000020012f5c        0x4 ./FreeRTOS Source/tasks.o
 .bss.uxTaskNumber
                0x0000000020012f60        0x4 ./FreeRTOS Source/tasks.o
 .bss.uxTopReadyPriority
                0x0000000020012f64        0x4 ./FreeRTOS Source/tasks.o
 .bss.xDelayedTaskList1
                0x0000000020012f68       0x14 ./FreeRTOS Source/tasks.o
 .bss.xDelayedTaskList2
                0x0000000020012f7c       0x14 ./FreeRTOS Source/tasks.o
 .bss.xIdleTaskHandle
                0x0000000020012f90        0x4 ./FreeRTOS Source/tasks.o
 .bss.xNextTaskUnblockTime
                0x0000000020012f94        0x4 ./FreeRTOS Source/tasks.o
 .bss.xNumOfOverflows
                0x0000000020012f98        0x4 ./FreeRTOS Source/tasks.o
 .bss.xPendingReadyList
                0x0000000020012f9c       0x14 ./FreeRTOS Source/tasks.o
 .bss.xSchedulerRunning
                0x0000000020012fb0        0x4 ./FreeRTOS Source/tasks.o
 .bss.xSuspendedTaskList
                0x0000000020012fb4       0x14 ./FreeRTOS Source/tasks.o
 .bss.xTasksWaitingTermination
                0x0000000020012fc8       0x14 ./FreeRTOS Source/tasks.o
 .bss.xTickCount
                0x0000000020012fdc        0x4 ./FreeRTOS Source/tasks.o
 .bss.xYieldPending
                0x0000000020012fe0        0x4 ./FreeRTOS Source/tasks.o
 .bss.pxCurrentTimerList
                0x0000000020012fe4        0x4 ./FreeRTOS Source/timers.o
 .bss.pxOverflowTimerList
                0x0000000020012fe8        0x4 ./FreeRTOS Source/timers.o
 .bss.xActiveTimerList1
                0x0000000020012fec       0x14 ./FreeRTOS Source/timers.o
 .bss.xActiveTimerList2
                0x0000000020013000       0x14 ./FreeRTOS Source/timers.o
 .bss.xLastTime.0
                0x0000000020013014        0x4 ./FreeRTOS Source/timers.o
 .bss.xTimerQueue
                0x0000000020013018        0x4 ./FreeRTOS Source/timers.o
 .bss.xTimerTaskHandle
                0x000000002001301c        0x4 ./FreeRTOS Source/timers.o
 .bss.__malloc_free_list
                0x0000000020013020        0x4 /home/helmenier/.local/xPacks/@xpack-dev-tools/arm-none-eabi-gcc/11.2.1-1.2.2/.content/bin/../lib/gcc/arm-none-eabi/11.2.1/../../../../arm-none-eabi/lib/thumb/v7e-m+fp/softfp/libg_nano.a(lib_a-nano-mallocr.o)
                0x0000000020013020                __malloc_free_list
 .bss.__malloc_sbrk_start
                0x0000000020013024        0x4 /home/helmenier/.local/xPacks/@xpack-dev-tools/arm-none-eabi-gcc/11.2.1-1.2.2/.content/bin/../lib/gcc/arm-none-eabi/11.2.1/../../../../arm-none-eabi/lib/thumb/v7e-m+fp/softfp/libg_nano.a(lib_a-nano-mallocr.o)
                0x0000000020013024                __malloc_sbrk_start
 *(COMMON)
 *(.bss_end .bss_end.*)
 .bss_end       0x0000000020013028        0x4 ./system/src/newlib/startup.o
                0x000000002001302c                . = ALIGN (0x4)
                0x000000002001302c                __bss_end__ = .
                0x000000002001302c                _ebss = .

.noinit_CCMRAM
 *(.noinit.CCMRAM .noinit.CCMRAM.*)

.noinit         0x000000002001302c        0x0
                0x000000002001302c                _noinit = .
 *(.noinit .noinit.*)
                0x000000002001302c                . = ALIGN (0x4)
                0x000000002001302c                _end_noinit = .
                [!provide]                        PROVIDE (end = _end_noinit)
                [!provide]                        PROVIDE (_end = _end_noinit)
                [!provide]                        PROVIDE (__end = _end_noinit)
                [!provide]                        PROVIDE (__end__ = _end_noinit)

._check_stack   0x000000002001302c      0x100
                0x000000002001312c                . = (. + _Minimum_Stack_Size)
 *fill*         0x000000002001302c      0x100 

.b1text
 *(.b1text)
 *(.b1rodata)
 *(.b1rodata.*)

.eb0text
 *(.eb0text)
 *(.eb0rodata)
 *(.eb0rodata.*)

.eb1text
 *(.eb1text)
 *(.eb1rodata)
 *(.eb1rodata.*)

.eb2text
 *(.eb2text)
 *(.eb2rodata)
 *(.eb2rodata.*)

.eb3text
 *(.eb3text)
 *(.eb3rodata)
 *(.eb3rodata.*)

.stab
 *(.stab)

.stabstr
 *(.stabstr)

.stab.excl
 *(.stab.excl)

.stab.exclstr
 *(.stab.exclstr)

.stab.index
 *(.stab.index)

.stab.indexstr
 *(.stab.indexstr)

.comment        0x0000000000000000       0x39
 *(.comment)
 .comment       0x0000000000000000       0x39 ./system/src/stm32f4-hal/stm32f4xx_hal.o
                                         0x3a (size before relaxing)
 .comment       0x0000000000000039       0x3a ./system/src/stm32f4-hal/stm32f4xx_hal_cortex.o
 .comment       0x0000000000000039       0x3a ./system/src/stm32f4-hal/stm32f4xx_hal_gpio.o
 .comment       0x0000000000000039       0x3a ./system/src/stm32f4-hal/stm32f4xx_hal_rcc.o
 .comment       0x0000000000000039       0x3a ./system/src/newlib/sbrk.o
 .comment       0x0000000000000039       0x3a ./system/src/newlib/startup.o
 .comment       0x0000000000000039       0x3a ./system/src/newlib/syscalls.o
 .comment       0x0000000000000039       0x3a ./system/src/diag/trace-impl.o
 .comment       0x0000000000000039       0x3a ./system/src/diag/trace.o
 .comment       0x0000000000000039       0x3a ./system/src/cortexm/exception-handlers.o
 .comment       0x0000000000000039       0x3a ./system/src/cortexm/initialize-hardware.o
 .comment       0x0000000000000039       0x3a ./system/src/cmsis/system_stm32f4xx.o
 .comment       0x0000000000000039       0x3a ./system/src/cmsis/vectors_stm32f407xx.o
 .comment       0x0000000000000039       0x3a ./src/initialize-hardware.o
 .comment       0x0000000000000039       0x3a ./src/led.o
 .comment       0x0000000000000039       0x3a ./src/main.o
 .comment       0x0000000000000039       0x3a ./src/stm32f4xx_hal_msp.o
 .comment       0x0000000000000039       0x3a ./FreeRTOS Source/portable/MemMang/heap_4.o
 .comment       0x0000000000000039       0x3a ./FreeRTOS Source/portable/GCC/ARM_CM4F/port.o
 .comment       0x0000000000000039       0x3a ./FreeRTOS Source/list.o
 .comment       0x0000000000000039       0x3a ./FreeRTOS Source/queue.o
 .comment       0x0000000000000039       0x3a ./FreeRTOS Source/tasks.o
 .comment       0x0000000000000039       0x3a ./FreeRTOS Source/timers.o
 .comment       0x0000000000000039       0x3a /home/helmenier/.local/xPacks/@xpack-dev-tools/arm-none-eabi-gcc/11.2.1-1.2.2/.content/bin/../lib/gcc/arm-none-eabi/11.2.1/thumb/v7e-m+fp/softfp/libgcc.a(_udivmoddi4.o)
 .comment       0x0000000000000039       0x3a /home/helmenier/.local/xPacks/@xpack-dev-tools/arm-none-eabi-gcc/11.2.1-1.2.2/.content/bin/../lib/gcc/arm-none-eabi/11.2.1/../../../../arm-none-eabi/lib/thumb/v7e-m+fp/softfp/libg_nano.a(lib_a-ctype_.o)
 .comment       0x0000000000000039       0x3a /home/helmenier/.local/xPacks/@xpack-dev-tools/arm-none-eabi-gcc/11.2.1-1.2.2/.content/bin/../lib/gcc/arm-none-eabi/11.2.1/../../../../arm-none-eabi/lib/thumb/v7e-m+fp/softfp/libg_nano.a(lib_a-errno.o)
 .comment       0x0000000000000039       0x3a /home/helmenier/.local/xPacks/@xpack-dev-tools/arm-none-eabi-gcc/11.2.1-1.2.2/.content/bin/../lib/gcc/arm-none-eabi/11.2.1/../../../../arm-none-eabi/lib/thumb/v7e-m+fp/softfp/libg_nano.a(lib_a-findfp.o)
 .comment       0x0000000000000039       0x3a /home/helmenier/.local/xPacks/@xpack-dev-tools/arm-none-eabi-gcc/11.2.1-1.2.2/.content/bin/../lib/gcc/arm-none-eabi/11.2.1/../../../../arm-none-eabi/lib/thumb/v7e-m+fp/softfp/libg_nano.a(lib_a-impure.o)
 .comment       0x0000000000000039       0x3a /home/helmenier/.local/xPacks/@xpack-dev-tools/arm-none-eabi-gcc/11.2.1-1.2.2/.content/bin/../lib/gcc/arm-none-eabi/11.2.1/../../../../arm-none-eabi/lib/thumb/v7e-m+fp/softfp/libg_nano.a(lib_a-memcpy-stub.o)
 .comment       0x0000000000000039       0x3a /home/helmenier/.local/xPacks/@xpack-dev-tools/arm-none-eabi-gcc/11.2.1-1.2.2/.content/bin/../lib/gcc/arm-none-eabi/11.2.1/../../../../arm-none-eabi/lib/thumb/v7e-m+fp/softfp/libg_nano.a(lib_a-memset.o)
 .comment       0x0000000000000039       0x3a /home/helmenier/.local/xPacks/@xpack-dev-tools/arm-none-eabi-gcc/11.2.1-1.2.2/.content/bin/../lib/gcc/arm-none-eabi/11.2.1/../../../../arm-none-eabi/lib/thumb/v7e-m+fp/softfp/libg_nano.a(lib_a-nano-mallocr.o)
 .comment       0x0000000000000039       0x3a /home/helmenier/.local/xPacks/@xpack-dev-tools/arm-none-eabi-gcc/11.2.1-1.2.2/.content/bin/../lib/gcc/arm-none-eabi/11.2.1/../../../../arm-none-eabi/lib/thumb/v7e-m+fp/softfp/libg_nano.a(lib_a-sbrkr.o)
 .comment       0x0000000000000039       0x3a /home/helmenier/.local/xPacks/@xpack-dev-tools/arm-none-eabi-gcc/11.2.1-1.2.2/.content/bin/../lib/gcc/arm-none-eabi/11.2.1/../../../../arm-none-eabi/lib/thumb/v7e-m+fp/softfp/libg_nano.a(lib_a-vsnprintf.o)
 .comment       0x0000000000000039       0x3a /home/helmenier/.local/xPacks/@xpack-dev-tools/arm-none-eabi-gcc/11.2.1-1.2.2/.content/bin/../lib/gcc/arm-none-eabi/11.2.1/../../../../arm-none-eabi/lib/thumb/v7e-m+fp/softfp/libg_nano.a(lib_a-mlock.o)
 .comment       0x0000000000000039       0x3a /home/helmenier/.local/xPacks/@xpack-dev-tools/arm-none-eabi-gcc/11.2.1-1.2.2/.content/bin/../lib/gcc/arm-none-eabi/11.2.1/../../../../arm-none-eabi/lib/thumb/v7e-m+fp/softfp/libg_nano.a(lib_a-nano-freer.o)
 .comment       0x0000000000000039       0x3a /home/helmenier/.local/xPacks/@xpack-dev-tools/arm-none-eabi-gcc/11.2.1-1.2.2/.content/bin/../lib/gcc/arm-none-eabi/11.2.1/../../../../arm-none-eabi/lib/thumb/v7e-m+fp/softfp/libg_nano.a(lib_a-nano-svfprintf.o)
 .comment       0x0000000000000039       0x3a /home/helmenier/.local/xPacks/@xpack-dev-tools/arm-none-eabi-gcc/11.2.1-1.2.2/.content/bin/../lib/gcc/arm-none-eabi/11.2.1/../../../../arm-none-eabi/lib/thumb/v7e-m+fp/softfp/libg_nano.a(lib_a-nano-vfprintf_i.o)
 .comment       0x0000000000000039       0x3a /home/helmenier/.local/xPacks/@xpack-dev-tools/arm-none-eabi-gcc/11.2.1-1.2.2/.content/bin/../lib/gcc/arm-none-eabi/11.2.1/../../../../arm-none-eabi/lib/thumb/v7e-m+fp/softfp/libg_nano.a(lib_a-memmove.o)
 .comment       0x0000000000000039       0x3a /home/helmenier/.local/xPacks/@xpack-dev-tools/arm-none-eabi-gcc/11.2.1-1.2.2/.content/bin/../lib/gcc/arm-none-eabi/11.2.1/../../../../arm-none-eabi/lib/thumb/v7e-m+fp/softfp/libg_nano.a(lib_a-nano-reallocr.o)
 .comment       0x0000000000000039       0x3a /home/helmenier/.local/xPacks/@xpack-dev-tools/arm-none-eabi-gcc/11.2.1-1.2.2/.content/bin/../lib/gcc/arm-none-eabi/11.2.1/../../../../arm-none-eabi/lib/thumb/v7e-m+fp/softfp/libg_nano.a(lib_a-nano-msizer.o)

.ARM.attributes
                0x0000000000000000       0x30
 .ARM.attributes
                0x0000000000000000       0x32 ./system/src/stm32f4-hal/stm32f4xx_hal.o
 .ARM.attributes
                0x0000000000000032       0x32 ./system/src/stm32f4-hal/stm32f4xx_hal_cortex.o
 .ARM.attributes
                0x0000000000000064       0x32 ./system/src/stm32f4-hal/stm32f4xx_hal_gpio.o
 .ARM.attributes
                0x0000000000000096       0x32 ./system/src/stm32f4-hal/stm32f4xx_hal_rcc.o
 .ARM.attributes
                0x00000000000000c8       0x32 ./system/src/newlib/sbrk.o
 .ARM.attributes
                0x00000000000000fa       0x32 ./system/src/newlib/startup.o
 .ARM.attributes
                0x000000000000012c       0x32 ./system/src/newlib/syscalls.o
 .ARM.attributes
                0x000000000000015e       0x32 ./system/src/diag/trace-impl.o
 .ARM.attributes
                0x0000000000000190       0x32 ./system/src/diag/trace.o
 .ARM.attributes
                0x00000000000001c2       0x32 ./system/src/cortexm/exception-handlers.o
 .ARM.attributes
                0x00000000000001f4       0x32 ./system/src/cortexm/initialize-hardware.o
 .ARM.attributes
                0x0000000000000226       0x32 ./system/src/cmsis/system_stm32f4xx.o
 .ARM.attributes
                0x0000000000000258       0x32 ./system/src/cmsis/vectors_stm32f407xx.o
 .ARM.attributes
                0x000000000000028a       0x32 ./src/initialize-hardware.o
 .ARM.attributes
                0x00000000000002bc       0x32 ./src/led.o
 .ARM.attributes
                0x00000000000002ee       0x32 ./src/main.o
 .ARM.attributes
                0x0000000000000320       0x32 ./src/stm32f4xx_hal_msp.o
 .ARM.attributes
                0x0000000000000352       0x32 ./FreeRTOS Source/portable/MemMang/heap_4.o
 .ARM.attributes
                0x0000000000000384       0x32 ./FreeRTOS Source/portable/GCC/ARM_CM4F/port.o
 .ARM.attributes
                0x00000000000003b6       0x32 ./FreeRTOS Source/list.o
 .ARM.attributes
                0x00000000000003e8       0x32 ./FreeRTOS Source/queue.o
 .ARM.attributes
                0x000000000000041a       0x32 ./FreeRTOS Source/tasks.o
 .ARM.attributes
                0x000000000000044c       0x32 ./FreeRTOS Source/timers.o
 .ARM.attributes
                0x000000000000047e       0x1e /home/helmenier/.local/xPacks/@xpack-dev-tools/arm-none-eabi-gcc/11.2.1-1.2.2/.content/bin/../lib/gcc/arm-none-eabi/11.2.1/thumb/v7e-m+fp/softfp/libgcc.a(_aeabi_uldivmod.o)
 .ARM.attributes
                0x000000000000049c       0x32 /home/helmenier/.local/xPacks/@xpack-dev-tools/arm-none-eabi-gcc/11.2.1-1.2.2/.content/bin/../lib/gcc/arm-none-eabi/11.2.1/thumb/v7e-m+fp/softfp/libgcc.a(_udivmoddi4.o)
 .ARM.attributes
                0x00000000000004ce       0x1e /home/helmenier/.local/xPacks/@xpack-dev-tools/arm-none-eabi-gcc/11.2.1-1.2.2/.content/bin/../lib/gcc/arm-none-eabi/11.2.1/thumb/v7e-m+fp/softfp/libgcc.a(_dvmd_tls.o)
 .ARM.attributes
                0x00000000000004ec       0x32 /home/helmenier/.local/xPacks/@xpack-dev-tools/arm-none-eabi-gcc/11.2.1-1.2.2/.content/bin/../lib/gcc/arm-none-eabi/11.2.1/../../../../arm-none-eabi/lib/thumb/v7e-m+fp/softfp/libg_nano.a(lib_a-ctype_.o)
 .ARM.attributes
                0x000000000000051e       0x32 /home/helmenier/.local/xPacks/@xpack-dev-tools/arm-none-eabi-gcc/11.2.1-1.2.2/.content/bin/../lib/gcc/arm-none-eabi/11.2.1/../../../../arm-none-eabi/lib/thumb/v7e-m+fp/softfp/libg_nano.a(lib_a-errno.o)
 .ARM.attributes
                0x0000000000000550       0x32 /home/helmenier/.local/xPacks/@xpack-dev-tools/arm-none-eabi-gcc/11.2.1-1.2.2/.content/bin/../lib/gcc/arm-none-eabi/11.2.1/../../../../arm-none-eabi/lib/thumb/v7e-m+fp/softfp/libg_nano.a(lib_a-findfp.o)
 .ARM.attributes
                0x0000000000000582       0x32 /home/helmenier/.local/xPacks/@xpack-dev-tools/arm-none-eabi-gcc/11.2.1-1.2.2/.content/bin/../lib/gcc/arm-none-eabi/11.2.1/../../../../arm-none-eabi/lib/thumb/v7e-m+fp/softfp/libg_nano.a(lib_a-impure.o)
 .ARM.attributes
                0x00000000000005b4       0x32 /home/helmenier/.local/xPacks/@xpack-dev-tools/arm-none-eabi-gcc/11.2.1-1.2.2/.content/bin/../lib/gcc/arm-none-eabi/11.2.1/../../../../arm-none-eabi/lib/thumb/v7e-m+fp/softfp/libg_nano.a(lib_a-memcpy-stub.o)
 .ARM.attributes
                0x00000000000005e6       0x32 /home/helmenier/.local/xPacks/@xpack-dev-tools/arm-none-eabi-gcc/11.2.1-1.2.2/.content/bin/../lib/gcc/arm-none-eabi/11.2.1/../../../../arm-none-eabi/lib/thumb/v7e-m+fp/softfp/libg_nano.a(lib_a-memset.o)
 .ARM.attributes
                0x0000000000000618       0x32 /home/helmenier/.local/xPacks/@xpack-dev-tools/arm-none-eabi-gcc/11.2.1-1.2.2/.content/bin/../lib/gcc/arm-none-eabi/11.2.1/../../../../arm-none-eabi/lib/thumb/v7e-m+fp/softfp/libg_nano.a(lib_a-nano-mallocr.o)
 .ARM.attributes
                0x000000000000064a       0x32 /home/helmenier/.local/xPacks/@xpack-dev-tools/arm-none-eabi-gcc/11.2.1-1.2.2/.content/bin/../lib/gcc/arm-none-eabi/11.2.1/../../../../arm-none-eabi/lib/thumb/v7e-m+fp/softfp/libg_nano.a(lib_a-sbrkr.o)
 .ARM.attributes
                0x000000000000067c       0x1c /home/helmenier/.local/xPacks/@xpack-dev-tools/arm-none-eabi-gcc/11.2.1-1.2.2/.content/bin/../lib/gcc/arm-none-eabi/11.2.1/../../../../arm-none-eabi/lib/thumb/v7e-m+fp/softfp/libg_nano.a(lib_a-strcmp.o)
 .ARM.attributes
                0x0000000000000698       0x17 /home/helmenier/.local/xPacks/@xpack-dev-tools/arm-none-eabi-gcc/11.2.1-1.2.2/.content/bin/../lib/gcc/arm-none-eabi/11.2.1/../../../../arm-none-eabi/lib/thumb/v7e-m+fp/softfp/libg_nano.a(lib_a-strlen.o)
 .ARM.attributes
                0x00000000000006af       0x32 /home/helmenier/.local/xPacks/@xpack-dev-tools/arm-none-eabi-gcc/11.2.1-1.2.2/.content/bin/../lib/gcc/arm-none-eabi/11.2.1/../../../../arm-none-eabi/lib/thumb/v7e-m+fp/softfp/libg_nano.a(lib_a-vsnprintf.o)
 .ARM.attributes
                0x00000000000006e1       0x32 /home/helmenier/.local/xPacks/@xpack-dev-tools/arm-none-eabi-gcc/11.2.1-1.2.2/.content/bin/../lib/gcc/arm-none-eabi/11.2.1/../../../../arm-none-eabi/lib/thumb/v7e-m+fp/softfp/libg_nano.a(lib_a-mlock.o)
 .ARM.attributes
                0x0000000000000713       0x32 /home/helmenier/.local/xPacks/@xpack-dev-tools/arm-none-eabi-gcc/11.2.1-1.2.2/.content/bin/../lib/gcc/arm-none-eabi/11.2.1/../../../../arm-none-eabi/lib/thumb/v7e-m+fp/softfp/libg_nano.a(lib_a-nano-freer.o)
 .ARM.attributes
                0x0000000000000745       0x32 /home/helmenier/.local/xPacks/@xpack-dev-tools/arm-none-eabi-gcc/11.2.1-1.2.2/.content/bin/../lib/gcc/arm-none-eabi/11.2.1/../../../../arm-none-eabi/lib/thumb/v7e-m+fp/softfp/libg_nano.a(lib_a-nano-svfprintf.o)
 .ARM.attributes
                0x0000000000000777       0x32 /home/helmenier/.local/xPacks/@xpack-dev-tools/arm-none-eabi-gcc/11.2.1-1.2.2/.content/bin/../lib/gcc/arm-none-eabi/11.2.1/../../../../arm-none-eabi/lib/thumb/v7e-m+fp/softfp/libg_nano.a(lib_a-nano-vfprintf_i.o)
 .ARM.attributes
                0x00000000000007a9       0x1c /home/helmenier/.local/xPacks/@xpack-dev-tools/arm-none-eabi-gcc/11.2.1-1.2.2/.content/bin/../lib/gcc/arm-none-eabi/11.2.1/../../../../arm-none-eabi/lib/thumb/v7e-m+fp/softfp/libg_nano.a(lib_a-memchr.o)
 .ARM.attributes
                0x00000000000007c5       0x32 /home/helmenier/.local/xPacks/@xpack-dev-tools/arm-none-eabi-gcc/11.2.1-1.2.2/.content/bin/../lib/gcc/arm-none-eabi/11.2.1/../../../../arm-none-eabi/lib/thumb/v7e-m+fp/softfp/libg_nano.a(lib_a-memmove.o)
 .ARM.attributes
                0x00000000000007f7       0x32 /home/helmenier/.local/xPacks/@xpack-dev-tools/arm-none-eabi-gcc/11.2.1-1.2.2/.content/bin/../lib/gcc/arm-none-eabi/11.2.1/../../../../arm-none-eabi/lib/thumb/v7e-m+fp/softfp/libg_nano.a(lib_a-nano-reallocr.o)
 .ARM.attributes
                0x0000000000000829       0x32 /home/helmenier/.local/xPacks/@xpack-dev-tools/arm-none-eabi-gcc/11.2.1-1.2.2/.content/bin/../lib/gcc/arm-none-eabi/11.2.1/../../../../arm-none-eabi/lib/thumb/v7e-m+fp/softfp/libg_nano.a(lib_a-nano-msizer.o)

.debug
 *(.debug)

.line
 *(.line)

.debug_srcinfo
 *(.debug_srcinfo)

.debug_sfnames
 *(.debug_sfnames)

.debug_aranges  0x0000000000000000      0xb20
 *(.debug_aranges)
 .debug_aranges
                0x0000000000000000       0xf0 ./system/src/stm32f4-hal/stm32f4xx_hal.o
 .debug_aranges
                0x00000000000000f0       0xa8 ./system/src/stm32f4-hal/stm32f4xx_hal_cortex.o
 .debug_aranges
                0x0000000000000198       0x58 ./system/src/stm32f4-hal/stm32f4xx_hal_gpio.o
 .debug_aranges
                0x00000000000001f0       0x88 ./system/src/stm32f4-hal/stm32f4xx_hal_rcc.o
 .debug_aranges
                0x0000000000000278       0x20 ./system/src/newlib/sbrk.o
 .debug_aranges
                0x0000000000000298       0x40 ./system/src/newlib/startup.o
 .debug_aranges
                0x00000000000002d8      0x120 ./system/src/newlib/syscalls.o
 .debug_aranges
                0x00000000000003f8       0x30 ./system/src/diag/trace-impl.o
 .debug_aranges
                0x0000000000000428       0x38 ./system/src/diag/trace.o
 .debug_aranges
                0x0000000000000460       0x90 ./system/src/cortexm/exception-handlers.o
 .debug_aranges
                0x00000000000004f0       0x28 ./system/src/cortexm/initialize-hardware.o
 .debug_aranges
                0x0000000000000518       0x28 ./system/src/cmsis/system_stm32f4xx.o
 .debug_aranges
                0x0000000000000540       0x20 ./system/src/cmsis/vectors_stm32f407xx.o
 .debug_aranges
                0x0000000000000560       0x30 ./src/initialize-hardware.o
 .debug_aranges
                0x0000000000000590       0x48 ./src/led.o
 .debug_aranges
                0x00000000000005d8       0x60 ./src/main.o
 .debug_aranges
                0x0000000000000638       0x38 ./src/stm32f4xx_hal_msp.o
 .debug_aranges
                0x0000000000000670       0x50 ./FreeRTOS Source/portable/MemMang/heap_4.o
 .debug_aranges
                0x00000000000006c0       0x78 ./FreeRTOS Source/portable/GCC/ARM_CM4F/port.o
 .debug_aranges
                0x0000000000000738       0x40 ./FreeRTOS Source/list.o
 .debug_aranges
                0x0000000000000778      0x118 ./FreeRTOS Source/queue.o
 .debug_aranges
                0x0000000000000890      0x1d8 ./FreeRTOS Source/tasks.o
 .debug_aranges
                0x0000000000000a68       0xb8 ./FreeRTOS Source/timers.o

.debug_pubnames
 *(.debug_pubnames)

.debug_info     0x0000000000000000     0xedbf
 *(.debug_info .gnu.linkonce.wi.*)
 .debug_info    0x0000000000000000      0xa42 ./system/src/stm32f4-hal/stm32f4xx_hal.o
 .debug_info    0x0000000000000a42     0x1236 ./system/src/stm32f4-hal/stm32f4xx_hal_cortex.o
 .debug_info    0x0000000000001c78      0x899 ./system/src/stm32f4-hal/stm32f4xx_hal_gpio.o
 .debug_info    0x0000000000002511      0xd1e ./system/src/stm32f4-hal/stm32f4xx_hal_rcc.o
 .debug_info    0x000000000000322f      0x10f ./system/src/newlib/sbrk.o
 .debug_info    0x000000000000333e      0x55b ./system/src/newlib/startup.o
 .debug_info    0x0000000000003899     0x2234 ./system/src/newlib/syscalls.o
 .debug_info    0x0000000000005acd      0x319 ./system/src/diag/trace-impl.o
 .debug_info    0x0000000000005de6      0x341 ./system/src/diag/trace.o
 .debug_info    0x0000000000006127      0x9fd ./system/src/cortexm/exception-handlers.o
 .debug_info    0x0000000000006b24      0x292 ./system/src/cortexm/initialize-hardware.o
 .debug_info    0x0000000000006db6      0x52b ./system/src/cmsis/system_stm32f4xx.o
 .debug_info    0x00000000000072e1      0x10b ./system/src/cmsis/vectors_stm32f407xx.o
 .debug_info    0x00000000000073ec      0x5a8 ./src/initialize-hardware.o
 .debug_info    0x0000000000007994      0x4be ./src/led.o
 .debug_info    0x0000000000007e52      0x80e ./src/main.o
 .debug_info    0x0000000000008660       0xb8 ./src/stm32f4xx_hal_msp.o
 .debug_info    0x0000000000008718      0x4a5 ./FreeRTOS Source/portable/MemMang/heap_4.o
 .debug_info    0x0000000000008bbd      0x50e ./FreeRTOS Source/portable/GCC/ARM_CM4F/port.o
 .debug_info    0x00000000000090cb      0x2b9 ./FreeRTOS Source/list.o
 .debug_info    0x0000000000009384     0x1ca2 ./FreeRTOS Source/queue.o
 .debug_info    0x000000000000b026     0x2b3f ./FreeRTOS Source/tasks.o
 .debug_info    0x000000000000db65     0x125a ./FreeRTOS Source/timers.o

.debug_abbrev   0x0000000000000000     0x3237
 *(.debug_abbrev)
 .debug_abbrev  0x0000000000000000      0x248 ./system/src/stm32f4-hal/stm32f4xx_hal.o
 .debug_abbrev  0x0000000000000248      0x3ae ./system/src/stm32f4-hal/stm32f4xx_hal_cortex.o
 .debug_abbrev  0x00000000000005f6      0x23f ./system/src/stm32f4-hal/stm32f4xx_hal_gpio.o
 .debug_abbrev  0x0000000000000835      0x2dd ./system/src/stm32f4-hal/stm32f4xx_hal_rcc.o
 .debug_abbrev  0x0000000000000b12       0xcc ./system/src/newlib/sbrk.o
 .debug_abbrev  0x0000000000000bde      0x25a ./system/src/newlib/startup.o
 .debug_abbrev  0x0000000000000e38      0x4c3 ./system/src/newlib/syscalls.o
 .debug_abbrev  0x00000000000012fb      0x1e6 ./system/src/diag/trace-impl.o
 .debug_abbrev  0x00000000000014e1      0x17d ./system/src/diag/trace.o
 .debug_abbrev  0x000000000000165e      0x2d4 ./system/src/cortexm/exception-handlers.o
 .debug_abbrev  0x0000000000001932      0x104 ./system/src/cortexm/initialize-hardware.o
 .debug_abbrev  0x0000000000001a36      0x120 ./system/src/cmsis/system_stm32f4xx.o
 .debug_abbrev  0x0000000000001b56       0xb8 ./system/src/cmsis/vectors_stm32f407xx.o
 .debug_abbrev  0x0000000000001c0e      0x216 ./src/initialize-hardware.o
 .debug_abbrev  0x0000000000001e24      0x1e5 ./src/led.o
 .debug_abbrev  0x0000000000002009      0x25f ./src/main.o
 .debug_abbrev  0x0000000000002268       0x47 ./src/stm32f4xx_hal_msp.o
 .debug_abbrev  0x00000000000022af      0x258 ./FreeRTOS Source/portable/MemMang/heap_4.o
 .debug_abbrev  0x0000000000002507      0x239 ./FreeRTOS Source/portable/GCC/ARM_CM4F/port.o
 .debug_abbrev  0x0000000000002740      0x105 ./FreeRTOS Source/list.o
 .debug_abbrev  0x0000000000002845      0x35f ./FreeRTOS Source/queue.o
 .debug_abbrev  0x0000000000002ba4      0x3eb ./FreeRTOS Source/tasks.o
 .debug_abbrev  0x0000000000002f8f      0x2a8 ./FreeRTOS Source/timers.o

.debug_line     0x0000000000000000    0x12796
 *(.debug_line)
 .debug_line    0x0000000000000000      0xd7a ./system/src/stm32f4-hal/stm32f4xx_hal.o
 .debug_line    0x0000000000000d7a     0x10c1 ./system/src/stm32f4-hal/stm32f4xx_hal_cortex.o
 .debug_line    0x0000000000001e3b     0x1005 ./system/src/stm32f4-hal/stm32f4xx_hal_gpio.o
 .debug_line    0x0000000000002e40     0x1426 ./system/src/stm32f4-hal/stm32f4xx_hal_rcc.o
 .debug_line    0x0000000000004266      0x3d7 ./system/src/newlib/sbrk.o
 .debug_line    0x000000000000463d      0x66a ./system/src/newlib/startup.o
 .debug_line    0x0000000000004ca7     0x1173 ./system/src/newlib/syscalls.o
 .debug_line    0x0000000000005e1a      0xc2e ./system/src/diag/trace-impl.o
 .debug_line    0x0000000000006a48      0x4c1 ./system/src/diag/trace.o
 .debug_line    0x0000000000006f09      0xfaf ./system/src/cortexm/exception-handlers.o
 .debug_line    0x0000000000007eb8      0xa42 ./system/src/cortexm/initialize-hardware.o
 .debug_line    0x00000000000088fa      0xad4 ./system/src/cmsis/system_stm32f4xx.o
 .debug_line    0x00000000000093ce      0x2da ./system/src/cmsis/vectors_stm32f407xx.o
 .debug_line    0x00000000000096a8      0xbef ./src/initialize-hardware.o
 .debug_line    0x000000000000a297      0xb55 ./src/led.o
 .debug_line    0x000000000000adec      0x762 ./src/main.o
 .debug_line    0x000000000000b54e      0xa32 ./src/stm32f4xx_hal_msp.o
 .debug_line    0x000000000000bf80      0x917 ./FreeRTOS Source/portable/MemMang/heap_4.o
 .debug_line    0x000000000000c897      0x859 ./FreeRTOS Source/portable/GCC/ARM_CM4F/port.o
 .debug_line    0x000000000000d0f0      0x616 ./FreeRTOS Source/list.o
 .debug_line    0x000000000000d706     0x1a26 ./FreeRTOS Source/queue.o
 .debug_line    0x000000000000f12c     0x28e0 ./FreeRTOS Source/tasks.o
 .debug_line    0x0000000000011a0c      0xd8a ./FreeRTOS Source/timers.o

.debug_frame    0x0000000000000000     0x1d08
 *(.debug_frame)
 .debug_frame   0x0000000000000000      0x1f0 ./system/src/stm32f4-hal/stm32f4xx_hal.o
 .debug_frame   0x00000000000001f0      0x19c ./system/src/stm32f4-hal/stm32f4xx_hal_cortex.o
 .debug_frame   0x000000000000038c       0xfc ./system/src/stm32f4-hal/stm32f4xx_hal_gpio.o
 .debug_frame   0x0000000000000488      0x16c ./system/src/stm32f4-hal/stm32f4xx_hal_rcc.o
 .debug_frame   0x00000000000005f4       0x28 ./system/src/newlib/sbrk.o
 .debug_frame   0x000000000000061c       0x7c ./system/src/newlib/startup.o
 .debug_frame   0x0000000000000698      0x3d8 ./system/src/newlib/syscalls.o
 .debug_frame   0x0000000000000a70       0x64 ./system/src/diag/trace-impl.o
 .debug_frame   0x0000000000000ad4       0x94 ./system/src/diag/trace.o
 .debug_frame   0x0000000000000b68      0x164 ./system/src/cortexm/exception-handlers.o
 .debug_frame   0x0000000000000ccc       0x40 ./system/src/cortexm/initialize-hardware.o
 .debug_frame   0x0000000000000d0c       0x30 ./system/src/cmsis/system_stm32f4xx.o
 .debug_frame   0x0000000000000d3c       0x20 ./system/src/cmsis/vectors_stm32f407xx.o
 .debug_frame   0x0000000000000d5c       0x60 ./src/initialize-hardware.o
 .debug_frame   0x0000000000000dbc       0x8c ./src/led.o
 .debug_frame   0x0000000000000e48       0xdc ./src/main.o
 .debug_frame   0x0000000000000f24       0x50 ./src/stm32f4xx_hal_msp.o
 .debug_frame   0x0000000000000f74       0xb0 ./FreeRTOS Source/portable/MemMang/heap_4.o
 .debug_frame   0x0000000000001024       0xf0 ./FreeRTOS Source/portable/GCC/ARM_CM4F/port.o
 .debug_frame   0x0000000000001114       0x70 ./FreeRTOS Source/list.o
 .debug_frame   0x0000000000001184      0x378 ./FreeRTOS Source/queue.o
 .debug_frame   0x00000000000014fc      0x5d8 ./FreeRTOS Source/tasks.o
 .debug_frame   0x0000000000001ad4      0x234 ./FreeRTOS Source/timers.o

.debug_str      0x0000000000000000    0xfe8ac
 *(.debug_str)
 .debug_str     0x0000000000000000    0xeec92 ./system/src/stm32f4-hal/stm32f4xx_hal.o
                                      0xef02e (size before relaxing)
 .debug_str     0x00000000000eec92      0x3a2 ./system/src/stm32f4-hal/stm32f4xx_hal_cortex.o
                                      0xeed63 (size before relaxing)
 .debug_str     0x00000000000ef034      0x27d ./system/src/stm32f4-hal/stm32f4xx_hal_gpio.o
                                      0xee6c0 (size before relaxing)
 .debug_str     0x00000000000ef2b1      0x3b2 ./system/src/stm32f4-hal/stm32f4xx_hal_rcc.o
                                      0xee8dd (size before relaxing)
 .debug_str     0x00000000000ef663     0x334d ./system/src/newlib/sbrk.o
                                       0x6b46 (size before relaxing)
 .debug_str     0x00000000000f29b0      0x2cb ./system/src/newlib/startup.o
                                       0x64b4 (size before relaxing)
 .debug_str     0x00000000000f2c7b     0x3f7c ./system/src/newlib/syscalls.o
                                       0xb5a0 (size before relaxing)
 .debug_str     0x00000000000f6bf7       0xbd ./system/src/diag/trace-impl.o
                                      0xf176d (size before relaxing)
 .debug_str     0x00000000000f6cb4      0x162 ./system/src/diag/trace.o
                                       0x7efd (size before relaxing)
 .debug_str     0x00000000000f6e16      0x1b1 ./system/src/cortexm/exception-handlers.o
                                      0xf281f (size before relaxing)
 .debug_str     0x00000000000f6fc7       0x5d ./system/src/cortexm/initialize-hardware.o
                                      0xee3c3 (size before relaxing)
 .debug_str     0x00000000000f7024       0x46 ./system/src/cmsis/system_stm32f4xx.o
                                      0xee4b1 (size before relaxing)
 .debug_str     0x00000000000f706a       0x59 ./system/src/cmsis/vectors_stm32f407xx.o
                                       0x3e54 (size before relaxing)
 .debug_str     0x00000000000f70c3       0x30 ./src/initialize-hardware.o
                                      0xf173f (size before relaxing)
 .debug_str     0x00000000000f70f3      0x17f ./src/led.o
                                      0xee597 (size before relaxing)
 .debug_str     0x00000000000f7272     0x4a2c ./src/main.o
                                       0xd264 (size before relaxing)
 .debug_str     0x00000000000fbc9e       0x3d ./src/stm32f4xx_hal_msp.o
                                      0xee2ee (size before relaxing)
 .debug_str     0x00000000000fbcdb      0x2bf ./FreeRTOS Source/portable/MemMang/heap_4.o
                                       0xa0ba (size before relaxing)
 .debug_str     0x00000000000fbf9a      0x821 ./FreeRTOS Source/portable/GCC/ARM_CM4F/port.o
                                       0x7ef7 (size before relaxing)
 .debug_str     0x00000000000fc7bb      0x125 ./FreeRTOS Source/list.o
                                       0x9952 (size before relaxing)
 .debug_str     0x00000000000fc8e0      0x8a7 ./FreeRTOS Source/queue.o
                                       0xb0e8 (size before relaxing)
 .debug_str     0x00000000000fd187     0x134a ./FreeRTOS Source/tasks.o
                                       0xbe5a (size before relaxing)
 .debug_str     0x00000000000fe4d1      0x3db ./FreeRTOS Source/timers.o
                                       0xb4e1 (size before relaxing)

.debug_loc
 *(.debug_loc)

.debug_macinfo
 *(.debug_macinfo)

.debug_weaknames
 *(.debug_weaknames)

.debug_funcnames
 *(.debug_funcnames)

.debug_typenames
 *(.debug_typenames)

.debug_varnames
 *(.debug_varnames)
OUTPUT(Demo.elf elf32-littlearm)
LOAD linker stubs

.debug_loclists
                0x0000000000000000     0x4df1
 .debug_loclists
                0x0000000000000000       0xbe ./system/src/stm32f4-hal/stm32f4xx_hal.o
 .debug_loclists
                0x00000000000000be      0x5ad ./system/src/stm32f4-hal/stm32f4xx_hal_cortex.o
 .debug_loclists
                0x000000000000066b      0x41c ./system/src/stm32f4-hal/stm32f4xx_hal_gpio.o
 .debug_loclists
                0x0000000000000a87      0x3a8 ./system/src/stm32f4-hal/stm32f4xx_hal_rcc.o
 .debug_loclists
                0x0000000000000e2f       0x69 ./system/src/newlib/sbrk.o
 .debug_loclists
                0x0000000000000e98      0x2b7 ./system/src/newlib/startup.o
 .debug_loclists
                0x000000000000114f      0xbd5 ./system/src/newlib/syscalls.o
 .debug_loclists
                0x0000000000001d24       0xf5 ./system/src/diag/trace-impl.o
 .debug_loclists
                0x0000000000001e19       0xb2 ./system/src/diag/trace.o
 .debug_loclists
                0x0000000000001ecb      0x32c ./system/src/cortexm/exception-handlers.o
 .debug_loclists
                0x00000000000021f7       0xdb ./system/src/cmsis/system_stm32f4xx.o
 .debug_loclists
                0x00000000000022d2       0x48 ./src/initialize-hardware.o
 .debug_loclists
                0x000000000000231a       0x54 ./src/led.o
 .debug_loclists
                0x000000000000236e       0x95 ./src/main.o
 .debug_loclists
                0x0000000000002403      0x1ed ./FreeRTOS Source/portable/MemMang/heap_4.o
 .debug_loclists
                0x00000000000025f0       0xbb ./FreeRTOS Source/portable/GCC/ARM_CM4F/port.o
 .debug_loclists
                0x00000000000026ab       0x6f ./FreeRTOS Source/list.o
 .debug_loclists
                0x000000000000271a      0xbaa ./FreeRTOS Source/queue.o
 .debug_loclists
                0x00000000000032c4     0x1401 ./FreeRTOS Source/tasks.o
 .debug_loclists
                0x00000000000046c5      0x72c ./FreeRTOS Source/timers.o

.debug_rnglists
                0x0000000000000000      0x980
 .debug_rnglists
                0x0000000000000000       0xaf ./system/src/stm32f4-hal/stm32f4xx_hal.o
 .debug_rnglists
                0x00000000000000af       0xc3 ./system/src/stm32f4-hal/stm32f4xx_hal_cortex.o
 .debug_rnglists
                0x0000000000000172       0x3f ./system/src/stm32f4-hal/stm32f4xx_hal_gpio.o
 .debug_rnglists
                0x00000000000001b1       0x75 ./system/src/stm32f4-hal/stm32f4xx_hal_rcc.o
 .debug_rnglists
                0x0000000000000226       0x13 ./system/src/newlib/sbrk.o
 .debug_rnglists
                0x0000000000000239       0x50 ./system/src/newlib/startup.o
 .debug_rnglists
                0x0000000000000289       0xe3 ./system/src/newlib/syscalls.o
 .debug_rnglists
                0x000000000000036c       0x2b ./system/src/diag/trace-impl.o
 .debug_rnglists
                0x0000000000000397       0x25 ./system/src/diag/trace.o
 .debug_rnglists
                0x00000000000003bc       0x69 ./system/src/cortexm/exception-handlers.o
 .debug_rnglists
                0x0000000000000425       0x19 ./system/src/cortexm/initialize-hardware.o
 .debug_rnglists
                0x000000000000043e       0x1a ./system/src/cmsis/system_stm32f4xx.o
 .debug_rnglists
                0x0000000000000458       0x13 ./system/src/cmsis/vectors_stm32f407xx.o
 .debug_rnglists
                0x000000000000046b       0x20 ./src/initialize-hardware.o
 .debug_rnglists
                0x000000000000048b       0x31 ./src/led.o
 .debug_rnglists
                0x00000000000004bc       0x44 ./src/main.o
 .debug_rnglists
                0x0000000000000500       0x25 ./src/stm32f4xx_hal_msp.o
 .debug_rnglists
                0x0000000000000525       0x38 ./FreeRTOS Source/portable/MemMang/heap_4.o
 .debug_rnglists
                0x000000000000055d       0x63 ./FreeRTOS Source/portable/GCC/ARM_CM4F/port.o
 .debug_rnglists
                0x00000000000005c0       0x2b ./FreeRTOS Source/list.o
 .debug_rnglists
                0x00000000000005eb      0x110 ./FreeRTOS Source/queue.o
 .debug_rnglists
                0x00000000000006fb      0x1ff ./FreeRTOS Source/tasks.o
 .debug_rnglists
                0x00000000000008fa       0x86 ./FreeRTOS Source/timers.o

.debug_macro    0x0000000000000000    0x2a270
 .debug_macro   0x0000000000000000      0x44c ./system/src/stm32f4-hal/stm32f4xx_hal.o
 .debug_macro   0x000000000000044c      0xac0 ./system/src/stm32f4-hal/stm32f4xx_hal.o
 .debug_macro   0x0000000000000f0c      0x3a2 ./system/src/stm32f4-hal/stm32f4xx_hal.o
 .debug_macro   0x00000000000012ae       0x2e ./system/src/stm32f4-hal/stm32f4xx_hal.o
 .debug_macro   0x00000000000012dc       0x2f ./system/src/stm32f4-hal/stm32f4xx_hal.o
 .debug_macro   0x000000000000130b       0x22 ./system/src/stm32f4-hal/stm32f4xx_hal.o
 .debug_macro   0x000000000000132d       0x8e ./system/src/stm32f4-hal/stm32f4xx_hal.o
 .debug_macro   0x00000000000013bb       0x51 ./system/src/stm32f4-hal/stm32f4xx_hal.o
 .debug_macro   0x000000000000140c      0x103 ./system/src/stm32f4-hal/stm32f4xx_hal.o
 .debug_macro   0x000000000000150f       0x6a ./system/src/stm32f4-hal/stm32f4xx_hal.o
 .debug_macro   0x0000000000001579      0x1df ./system/src/stm32f4-hal/stm32f4xx_hal.o
 .debug_macro   0x0000000000001758       0x1c ./system/src/stm32f4-hal/stm32f4xx_hal.o
 .debug_macro   0x0000000000001774       0x22 ./system/src/stm32f4-hal/stm32f4xx_hal.o
 .debug_macro   0x0000000000001796       0xd9 ./system/src/stm32f4-hal/stm32f4xx_hal.o
 .debug_macro   0x000000000000186f     0x102d ./system/src/stm32f4-hal/stm32f4xx_hal.o
 .debug_macro   0x000000000000289c      0x11f ./system/src/stm32f4-hal/stm32f4xx_hal.o
 .debug_macro   0x00000000000029bb    0x15e3c ./system/src/stm32f4-hal/stm32f4xx_hal.o
 .debug_macro   0x00000000000187f7       0x43 ./system/src/stm32f4-hal/stm32f4xx_hal.o
 .debug_macro   0x000000000001883a     0x3659 ./system/src/stm32f4-hal/stm32f4xx_hal.o
 .debug_macro   0x000000000001be93      0x174 ./system/src/stm32f4-hal/stm32f4xx_hal.o
 .debug_macro   0x000000000001c007       0x5a ./system/src/stm32f4-hal/stm32f4xx_hal.o
 .debug_macro   0x000000000001c061      0x96b ./system/src/stm32f4-hal/stm32f4xx_hal.o
 .debug_macro   0x000000000001c9cc      0x9fe ./system/src/stm32f4-hal/stm32f4xx_hal.o
 .debug_macro   0x000000000001d3ca      0x117 ./system/src/stm32f4-hal/stm32f4xx_hal.o
 .debug_macro   0x000000000001d4e1      0x13e ./system/src/stm32f4-hal/stm32f4xx_hal.o
 .debug_macro   0x000000000001d61f       0x27 ./system/src/stm32f4-hal/stm32f4xx_hal.o
 .debug_macro   0x000000000001d646      0x174 ./system/src/stm32f4-hal/stm32f4xx_hal.o
 .debug_macro   0x000000000001d7ba      0x287 ./system/src/stm32f4-hal/stm32f4xx_hal.o
 .debug_macro   0x000000000001da41       0x5f ./system/src/stm32f4-hal/stm32f4xx_hal.o
 .debug_macro   0x000000000001daa0      0x236 ./system/src/stm32f4-hal/stm32f4xx_hal.o
 .debug_macro   0x000000000001dcd6      0x391 ./system/src/stm32f4-hal/stm32f4xx_hal.o
 .debug_macro   0x000000000001e067      0x176 ./system/src/stm32f4-hal/stm32f4xx_hal.o
 .debug_macro   0x000000000001e1dd       0xf9 ./system/src/stm32f4-hal/stm32f4xx_hal.o
 .debug_macro   0x000000000001e2d6      0x40f ./system/src/stm32f4-hal/stm32f4xx_hal.o
 .debug_macro   0x000000000001e6e5       0x22 ./system/src/stm32f4-hal/stm32f4xx_hal.o
 .debug_macro   0x000000000001e707       0xea ./system/src/stm32f4-hal/stm32f4xx_hal.o
 .debug_macro   0x000000000001e7f1       0xa0 ./system/src/stm32f4-hal/stm32f4xx_hal.o
 .debug_macro   0x000000000001e891       0x3c ./system/src/stm32f4-hal/stm32f4xx_hal.o
 .debug_macro   0x000000000001e8cd       0x1f ./system/src/stm32f4-hal/stm32f4xx_hal.o
 .debug_macro   0x000000000001e8ec      0x1d2 ./system/src/stm32f4-hal/stm32f4xx_hal.o
 .debug_macro   0x000000000001eabe      0xccf ./system/src/stm32f4-hal/stm32f4xx_hal.o
 .debug_macro   0x000000000001f78d      0x12c ./system/src/stm32f4-hal/stm32f4xx_hal.o
 .debug_macro   0x000000000001f8b9      0x21e ./system/src/stm32f4-hal/stm32f4xx_hal.o
 .debug_macro   0x000000000001fad7       0x2e ./system/src/stm32f4-hal/stm32f4xx_hal.o
 .debug_macro   0x000000000001fb05      0x543 ./system/src/stm32f4-hal/stm32f4xx_hal.o
 .debug_macro   0x0000000000020048       0x88 ./system/src/stm32f4-hal/stm32f4xx_hal.o
 .debug_macro   0x00000000000200d0       0xea ./system/src/stm32f4-hal/stm32f4xx_hal.o
 .debug_macro   0x00000000000201ba      0x184 ./system/src/stm32f4-hal/stm32f4xx_hal.o
 .debug_macro   0x000000000002033e      0x1b5 ./system/src/stm32f4-hal/stm32f4xx_hal.o
 .debug_macro   0x00000000000204f3       0xd6 ./system/src/stm32f4-hal/stm32f4xx_hal.o
 .debug_macro   0x00000000000205c9      0x26b ./system/src/stm32f4-hal/stm32f4xx_hal.o
 .debug_macro   0x0000000000020834      0x1a7 ./system/src/stm32f4-hal/stm32f4xx_hal.o
 .debug_macro   0x00000000000209db       0x46 ./system/src/stm32f4-hal/stm32f4xx_hal.o
 .debug_macro   0x0000000000020a21       0x4a ./system/src/stm32f4-hal/stm32f4xx_hal.o
 .debug_macro   0x0000000000020a6b       0x78 ./system/src/stm32f4-hal/stm32f4xx_hal.o
 .debug_macro   0x0000000000020ae3      0x11a ./system/src/stm32f4-hal/stm32f4xx_hal.o
 .debug_macro   0x0000000000020bfd       0x7e ./system/src/stm32f4-hal/stm32f4xx_hal.o
 .debug_macro   0x0000000000020c7b       0x89 ./system/src/stm32f4-hal/stm32f4xx_hal.o
 .debug_macro   0x0000000000020d04       0xa4 ./system/src/stm32f4-hal/stm32f4xx_hal.o
 .debug_macro   0x0000000000020da8      0x31a ./system/src/stm32f4-hal/stm32f4xx_hal.o
 .debug_macro   0x00000000000210c2      0x405 ./system/src/stm32f4-hal/stm32f4xx_hal.o
 .debug_macro   0x00000000000214c7       0xe4 ./system/src/stm32f4-hal/stm32f4xx_hal.o
 .debug_macro   0x00000000000215ab      0x861 ./system/src/stm32f4-hal/stm32f4xx_hal.o
 .debug_macro   0x0000000000021e0c      0x1d5 ./system/src/stm32f4-hal/stm32f4xx_hal.o
 .debug_macro   0x0000000000021fe1      0x225 ./system/src/stm32f4-hal/stm32f4xx_hal.o
 .debug_macro   0x0000000000022206      0x8a0 ./system/src/stm32f4-hal/stm32f4xx_hal.o
 .debug_macro   0x0000000000022aa6       0x47 ./system/src/stm32f4-hal/stm32f4xx_hal.o
 .debug_macro   0x0000000000022aed      0x287 ./system/src/stm32f4-hal/stm32f4xx_hal.o
 .debug_macro   0x0000000000022d74      0x217 ./system/src/stm32f4-hal/stm32f4xx_hal.o
 .debug_macro   0x0000000000022f8b      0x1b5 ./system/src/stm32f4-hal/stm32f4xx_hal.o
 .debug_macro   0x0000000000023140      0x2db ./system/src/stm32f4-hal/stm32f4xx_hal.o
 .debug_macro   0x000000000002341b       0x8d ./system/src/stm32f4-hal/stm32f4xx_hal.o
 .debug_macro   0x00000000000234a8      0x21e ./system/src/stm32f4-hal/stm32f4xx_hal.o
 .debug_macro   0x00000000000236c6       0xba ./system/src/stm32f4-hal/stm32f4xx_hal.o
 .debug_macro   0x0000000000023780       0x6e ./system/src/stm32f4-hal/stm32f4xx_hal.o
 .debug_macro   0x00000000000237ee      0x1e9 ./system/src/stm32f4-hal/stm32f4xx_hal.o
 .debug_macro   0x00000000000239d7      0x12d ./system/src/stm32f4-hal/stm32f4xx_hal.o
 .debug_macro   0x0000000000023b04      0x3ec ./system/src/stm32f4-hal/stm32f4xx_hal_cortex.o
 .debug_macro   0x0000000000023ef0      0x422 ./system/src/stm32f4-hal/stm32f4xx_hal_gpio.o
 .debug_macro   0x0000000000024312      0x410 ./system/src/stm32f4-hal/stm32f4xx_hal_rcc.o
 .debug_macro   0x0000000000024722      0x163 ./system/src/newlib/sbrk.o
 .debug_macro   0x0000000000024885       0x10 ./system/src/newlib/sbrk.o
 .debug_macro   0x0000000000024895      0x23b ./system/src/newlib/sbrk.o
 .debug_macro   0x0000000000024ad0      0x174 ./system/src/newlib/startup.o